Archive member included to satisfy reference by file (symbol)

/usr/lib/arm-none-eabi/newlib/thumb/v7-m/nofp/libc.a(libc_a-strncmp.o)
                              build_ak-base-kit-stm32l151-application/WString.o (strncmp)
/usr/lib/arm-none-eabi/newlib/thumb/v7-m/nofp/libc.a(libc_a-strchr.o)
                              build_ak-base-kit-stm32l151-application/WString.o (strchr)
/usr/lib/arm-none-eabi/newlib/thumb/v7-m/nofp/libc.a(libc_a-tolower.o)
                              build_ak-base-kit-stm32l151-application/WString.o (tolower)
/usr/lib/arm-none-eabi/newlib/thumb/v7-m/nofp/libc.a(libc_a-rand.o)
                              build_ak-base-kit-stm32l151-application/WMath.o (srand)
/usr/lib/arm-none-eabi/newlib/thumb/v7-m/nofp/libc.a(libc_a-memcpy.o)
                              build_ak-base-kit-stm32l151-application/message.o (memcpy)
/usr/lib/arm-none-eabi/newlib/thumb/v7-m/nofp/libc.a(libc_a-memmove.o)
                              build_ak-base-kit-stm32l151-application/WString.o (memmove)
/usr/lib/arm-none-eabi/newlib/thumb/v7-m/nofp/libc.a(libc_a-atol.o)
                              build_ak-base-kit-stm32l151-application/WString.o (atol)
/usr/lib/arm-none-eabi/newlib/thumb/v7-m/nofp/libc.a(libc_a-atof.o)
                              build_ak-base-kit-stm32l151-application/WString.o (atof)
/usr/lib/arm-none-eabi/newlib/thumb/v7-m/nofp/libc.a(libc_a-strtod.o)
                              /usr/lib/arm-none-eabi/newlib/thumb/v7-m/nofp/libc.a(libc_a-atof.o) (strtod)
/usr/lib/arm-none-eabi/newlib/thumb/v7-m/nofp/libc.a(libc_a-strcat.o)
                              build_ak-base-kit-stm32l151-application/dtostrf.o (strcat)
/usr/lib/arm-none-eabi/newlib/thumb/v7-m/nofp/libc.a(libc_a-gdtoa-gethex.o)
                              /usr/lib/arm-none-eabi/newlib/thumb/v7-m/nofp/libc.a(libc_a-strtod.o) (__gethex)
/usr/lib/arm-none-eabi/newlib/thumb/v7-m/nofp/libc.a(libc_a-memcmp.o)
                              build_ak-base-kit-stm32l151-application/mbmfuncfiles.o (memcmp)
/usr/lib/arm-none-eabi/newlib/thumb/v7-m/nofp/libc.a(libc_a-errno.o)
                              /usr/lib/arm-none-eabi/newlib/thumb/v7-m/nofp/libc.a(libc_a-strtod.o) (__errno)
/usr/lib/arm-none-eabi/newlib/thumb/v7-m/nofp/libc.a(libc_a-strlen-stub.o)
                              build_ak-base-kit-stm32l151-application/xprintf.o (strlen)
/usr/lib/arm-none-eabi/newlib/thumb/v7-m/nofp/libc.a(libc_a-strrchr.o)
                              build_ak-base-kit-stm32l151-application/WString.o (strrchr)
/usr/lib/arm-none-eabi/newlib/thumb/v7-m/nofp/libc.a(libc_a-realloc.o)
                              build_ak-base-kit-stm32l151-application/WString.o (realloc)
/usr/lib/arm-none-eabi/newlib/thumb/v7-m/nofp/libc.a(libc_a-strcpy.o)
                              build_ak-base-kit-stm32l151-application/sys_dbg.o (strcpy)
/usr/lib/arm-none-eabi/newlib/thumb/v7-m/nofp/libc.a(libc_a-strtol.o)
                              /usr/lib/arm-none-eabi/newlib/thumb/v7-m/nofp/libc.a(libc_a-atol.o) (_strtol_r)
/usr/lib/arm-none-eabi/newlib/thumb/v7-m/nofp/libc.a(libc_a-isspace.o)
                              build_ak-base-kit-stm32l151-application/WString.o (isspace)
/usr/lib/arm-none-eabi/newlib/thumb/v7-m/nofp/libc.a(libc_a-malloc.o)
                              build_ak-base-kit-stm32l151-application/message.o (malloc)
/usr/lib/arm-none-eabi/newlib/thumb/v7-m/nofp/libc.a(libc_a-ctype_.o)
                              /usr/lib/arm-none-eabi/newlib/thumb/v7-m/nofp/libc.a(libc_a-tolower.o) (_ctype_)
/usr/lib/arm-none-eabi/newlib/thumb/v7-m/nofp/libc.a(libc_a-strstr.o)
                              build_ak-base-kit-stm32l151-application/WString.o (strstr)
/usr/lib/arm-none-eabi/newlib/thumb/v7-m/nofp/libc.a(libc_a-memset.o)
                              build_ak-base-kit-stm32l151-application/task.o (memset)
/usr/lib/arm-none-eabi/newlib/thumb/v7-m/nofp/libc.a(libc_a-reallocr.o)
                              /usr/lib/arm-none-eabi/newlib/thumb/v7-m/nofp/libc.a(libc_a-realloc.o) (_realloc_r)
/usr/lib/arm-none-eabi/newlib/thumb/v7-m/nofp/libc.a(libc_a-impure.o)
                              /usr/lib/arm-none-eabi/newlib/thumb/v7-m/nofp/libc.a(libc_a-rand.o) (_impure_ptr)
/usr/lib/arm-none-eabi/newlib/thumb/v7-m/nofp/libc.a(libc_a-mlock.o)
                              /usr/lib/arm-none-eabi/newlib/thumb/v7-m/nofp/libc.a(libc_a-reallocr.o) (__malloc_lock)
/usr/lib/arm-none-eabi/newlib/thumb/v7-m/nofp/libc.a(libc_a-strcmp.o)
                              build_ak-base-kit-stm32l151-application/cmd_line.o (strcmp)
/usr/lib/arm-none-eabi/newlib/thumb/v7-m/nofp/libc.a(libc_a-strncpy.o)
                              build_ak-base-kit-stm32l151-application/WString.o (strncpy)
/usr/lib/arm-none-eabi/newlib/thumb/v7-m/nofp/libc.a(libc_a-toupper.o)
                              build_ak-base-kit-stm32l151-application/WString.o (toupper)
/usr/lib/arm-none-eabi/newlib/thumb/v7-m/nofp/libc.a(libc_a-gdtoa-hexnan.o)
[...]
Memory Configuration

Name             Origin             Length             Attributes
BSF              0x08002000         0x00001000         xr
FLASH            0x08003000         0x0001d000         xr
SRAM             0x20000000         0x00004000         xrw
*default*        0x00000000         0xffffffff

Linker script and memory map

                0x00000800                        HEAP_SIZE = 0x800

.start_boot_share_data_flash
                0x08002000        0x0
                0x08002000                        _start_boot_share_data_flash = .

.start_flash    0x08003000        0x0
                0x08003000                        _start_flash = .

.isr_vector     0x08003000       0xf4
                0x08003000                        _isr_vector = .
 *(.isr_vector)
 .isr_vector    0x08003000       0xf4 build_ak-base-kit-stm32l151-application/system.o
                0x08003000                isr_vector
                0x080030f4                        . = ALIGN (0x4)

.text           0x080030f8     0xcd00
                0x080030f8                        . = ALIGN (0x4)
 *(.text)
 .text          0x080030f8       0x48 /usr/lib/arm-none-eabi/newlib/thumb/v7-m/nofp/libc.a(libc_a-rand.o)
                0x080030f8                srand
                0x08003108                rand
 .text          0x08003140       0xec /usr/lib/arm-none-eabi/newlib/thumb/v7-m/nofp/libc.a(libc_a-memcpy.o)
                0x08003140                memcpy
 .text          0x0800322c       0x5c /usr/lib/arm-none-eabi/newlib/thumb/v7-m/nofp/libc.a(libc_a-memcmp.o)
                0x0800322c                memcmp
 .text          0x08003288        0xc /usr/lib/arm-none-eabi/newlib/thumb/v7-m/nofp/libc.a(libc_a-errno.o)
                0x08003288                __errno
 .text          0x08003294       0x5c /usr/lib/arm-none-eabi/newlib/thumb/v7-m/nofp/libc.a(libc_a-strlen-stub.o)
                0x08003294                strlen
 .text          0x080032f0       0xbc /usr/lib/arm-none-eabi/newlib/thumb/v7-m/nofp/libc.a(libc_a-strcpy.o)
                0x080032f0                strcpy
 .text          0x080033ac      0x174 /usr/lib/arm-none-eabi/newlib/thumb/v7-m/nofp/libc.a(libc_a-strtol.o)
                0x080034e4                _strtol_r
                0x080034e8                strtol_l
                0x08003504                strtol
 .text          0x08003520       0x20 /usr/lib/arm-none-eabi/newlib/thumb/v7-m/nofp/libc.a(libc_a-malloc.o)
                0x08003520                malloc
                0x08003530                free
 .text          0x08003540       0x9c /usr/lib/arm-none-eabi/newlib/thumb/v7-m/nofp/libc.a(libc_a-memset.o)
                0x08003540                memset
 .text          0x080035dc        0x8 /usr/lib/arm-none-eabi/newlib/thumb/v7-m/nofp/libc.a(libc_a-mlock.o)
                0x080035dc                __malloc_lock
                0x080035e0                __malloc_unlock
 .text          0x080035e4      0x1bc /usr/lib/arm-none-eabi/newlib/thumb/v7-m/nofp/libc.a(libc_a-strcmp.o)
                0x080035e4                strcmp
 .text          0x080037a0      0x570 /usr/lib/arm-none-eabi/newlib/thumb/v7-m/nofp/libc.a(libc_a-mallocr.o)
                0x080037a0                _malloc_r
 .text          0x08003d10       0x24 /usr/lib/arm-none-eabi/newlib/thumb/v7-m/nofp/libc.a(libc_a-sbrkr.o)
                0x08003d10                _sbrk_r
 .text          0x08003d34      0x2a0 /usr/lib/arm-none-eabi/newlib/thumb/v7-m/nofp/libc.a(libc_a-freer.o)
                0x08003d34                _malloc_trim_r
                0x08003dec                _free_r
 .text          0x08003fd4       0x1c /usr/lib/arm-none-eabi/newlib/thumb/v7-m/nofp/libc.a(libc_a-sysconf.o)
                0x08003fd4                sysconf
 .text          0x08003ff0      0x378 /usr/lib/gcc/arm-none-eabi/14.2.1/thumb/v7-m/nofp/libgcc.a(_arm_addsubdf3.o)
                0x08003ff0                __aeabi_drsub
                0x08003ff8                __aeabi_dsub
                0x08003ff8                __subdf3
                0x08003ffc                __adddf3
                0x08003ffc                __aeabi_dadd
                0x08004274                __aeabi_ui2d
                0x08004274                __floatunsidf
                0x08004294                __floatsidf
                0x08004294                __aeabi_i2d
                0x080042b8                __extendsfdf2
                0x080042b8                __aeabi_f2d
                0x080042fc                __aeabi_ul2d
                0x080042fc                __floatundidf
                0x0800430c                __floatdidf
                0x0800430c                __aeabi_l2d
 .text          0x08004368      0x424 /usr/lib/gcc/arm-none-eabi/14.2.1/thumb/v7-m/nofp/libgcc.a(_arm_muldivdf3.o)
                0x08004368                __aeabi_dmul
                0x08004368                __muldf3
                0x080045bc                __aeabi_ddiv
                0x080045bc                __divdf3
 .text          0x0800478c      0x110 /usr/lib/gcc/arm-none-eabi/14.2.1/thumb/v7-m/nofp/libgcc.a(_arm_cmpdf2.o)
                0x0800478c                __gtdf2
                0x0800478c                __gedf2
                0x08004794                __ltdf2
                0x08004794                __ledf2
                0x0800479c                __cmpdf2
                0x0800479c                __eqdf2
                0x0800479c                __nedf2
                0x08004818                __aeabi_cdrcmple
                0x08004828                __aeabi_cdcmple
                0x08004828                __aeabi_cdcmpeq
                0x08004838                __aeabi_dcmpeq
                0x0800484c                __aeabi_dcmplt
                0x08004860                __aeabi_dcmple
                0x08004874                __aeabi_dcmpge
                0x08004888                __aeabi_dcmpgt
 .text          0x0800489c       0x2c /usr/lib/gcc/arm-none-eabi/14.2.1/thumb/v7-m/nofp/libgcc.a(_arm_unorddf2.o)
                0x0800489c                __aeabi_dcmpun
                0x0800489c                __unorddf2
 .text          0x080048c8       0x50 /usr/lib/gcc/arm-none-eabi/14.2.1/thumb/v7-m/nofp/libgcc.a(_arm_fixdfsi.o)
                0x080048c8                __fixdfsi
                0x080048c8                __aeabi_d2iz
 .text          0x08004918       0x40 /usr/lib/gcc/arm-none-eabi/14.2.1/thumb/v7-m/nofp/libgcc.a(_arm_fixunsdfsi.o)
                0x08004918                __fixunsdfsi
                0x08004918                __aeabi_d2uiz
 .text          0x08004958      0x21c /usr/lib/gcc/arm-none-eabi/14.2.1/thumb/v7-m/nofp/libgcc.a(_arm_addsubsf3.o)
                0x08004958                __aeabi_frsub
                0x08004960                __subsf3
                0x08004960                __aeabi_fsub
                0x08004964                __aeabi_fadd
                0x08004964                __addsf3
                0x08004ac4                __aeabi_ui2f
                0x08004ac4                __floatunsisf
                0x08004acc                __aeabi_i2f
                0x08004acc                __floatsisf
                0x08004ae8                __floatundisf
                0x08004ae8                __aeabi_ul2f
                0x08004af8                __floatdisf
                0x08004af8                __aeabi_l2f
 .text          0x08004b74       0x30 /usr/lib/gcc/arm-none-eabi/14.2.1/thumb/v7-m/nofp/libgcc.a(_aeabi_uldivmod.o)
                0x08004b74                __aeabi_uldivmod
 .text          0x08004ba4      0x2f4 /usr/lib/gcc/arm-none-eabi/14.2.1/thumb/v7-m/nofp/libgcc.a(_udivmoddi4.o)
                0x08004ba4                __udivmoddi4
 .text          0x08004e98        0x4 /usr/lib/gcc/arm-none-eabi/14.2.1/thumb/v7-m/nofp/libgcc.a(_dvmd_tls.o)
                0x08004e98                __aeabi_ldiv0
                0x08004e98                __aeabi_idiv0
 *(.text*)
 .text.fsm_dispatch
                0x08004e9c        0x6 build_ak-base-kit-stm32l151-application/fsm.o
                0x08004e9c                fsm_dispatch
 *fill*         0x08004ea2        0x2 
 .text.task_create
                0x08004ea4       0x40 build_ak-base-kit-stm32l151-application/task.o
                0x08004ea4                task_create
 .text.task_polling_create
                0x08004ee4       0x34 build_ak-base-kit-stm32l151-application/task.o
                0x08004ee4                task_polling_create
 .text.task_post
                0x08004f18       0x84 build_ak-base-kit-stm32l151-application/task.o
                0x08004f18                task_post
 .text.task_remove_msg
                0x08004f9c       0xc0 build_ak-base-kit-stm32l151-application/task.o
                0x08004f9c                task_remove_msg
 .text.task_post_pure_msg
                0x0800505c       0x18 build_ak-base-kit-stm32l151-application/task.o
                0x0800505c                task_post_pure_msg
 .text.task_post_common_msg
                0x08005074       0x2a build_ak-base-kit-stm32l151-application/task.o
                0x08005074                task_post_common_msg
 *fill*         0x0800509e        0x2 
 .text.task_entry_interrupt
                0x080050a0       0x1c build_ak-base-kit-stm32l151-application/task.o
                0x080050a0                task_entry_interrupt
 .text.task_exit_interrupt
                0x080050bc       0x24 build_ak-base-kit-stm32l151-application/task.o
                0x080050bc                task_exit_interrupt
 .text.task_init
                0x080050e0       0x40 build_ak-base-kit-stm32l151-application/task.o
                0x080050e0                task_init
 .text.task_polling_run
                0x08005120       0x34 build_ak-base-kit-stm32l151-application/task.o
                0x08005120                task_polling_run
 .text.task_run
                0x08005154      0x138 build_ak-base-kit-stm32l151-application/task.o
                0x08005154                task_run
 .text.get_current_task_id
                0x0800528c        0xc build_ak-base-kit-stm32l151-application/task.o
                0x0800528c                get_current_task_id
 .text.get_current_task_info
                0x08005298        0x8 build_ak-base-kit-stm32l151-application/task.o
                0x08005298                get_current_task_info
 .text.get_current_active_object
                0x080052a0        0x8 build_ak-base-kit-stm32l151-application/task.o
                0x080052a0                get_current_active_object
 .text.timer_remove_msg
                0x080052a8       0x64 build_ak-base-kit-stm32l151-application/timer.o
 .text.task_timer_tick
                0x0800530c       0x7c build_ak-base-kit-stm32l151-application/timer.o
                0x0800530c                task_timer_tick
 .text.timer_init
                0x08005388       0x6c build_ak-base-kit-stm32l151-application/timer.o
                0x08005388                timer_init
 .text.timer_tick
                0x080053f4       0x38 build_ak-base-kit-stm32l151-application/timer.o
                0x080053f4                timer_tick
 .text.timer_set
                0x0800542c       0x9c build_ak-base-kit-stm32l151-application/timer.o
                0x0800542c                timer_set
 .text.timer_remove_attr
                0x080054c8       0x18 build_ak-base-kit-stm32l151-application/timer.o
                0x080054c8                timer_remove_attr
 .text.free_common_msg
                0x080054e0       0x28 build_ak-base-kit-stm32l151-application/message.o
 .text.free_pure_msg
                0x08005508       0x28 build_ak-base-kit-stm32l151-application/message.o
 .text.free_dynamic_msg
                0x08005530       0x30 build_ak-base-kit-stm32l151-application/message.o
 .text.msg_init
                0x08005560      0x100 build_ak-base-kit-stm32l151-application/message.o
                0x08005560                msg_init
 .text.msg_force_free
                0x08005660       0x44 build_ak-base-kit-stm32l151-application/message.o
                0x08005660                msg_force_free
 .text.msg_inc_ref_count
                0x080056a4       0x2c build_ak-base-kit-stm32l151-application/message.o
                0x080056a4                msg_inc_ref_count
 .text.msg_dec_ref_count
                0x080056d0       0x28 build_ak-base-kit-stm32l151-application/message.o
                0x080056d0                msg_dec_ref_count
 .text.msg_free
                0x080056f8       0x58 build_ak-base-kit-stm32l151-application/message.o
                0x080056f8                msg_free
 .text.ak_malloc
                0x08005750       0x50 build_ak-base-kit-stm32l151-application/message.o
                0x08005750                ak_malloc
 .text.get_pure_msg
                0x080057a0       0x5c build_ak-base-kit-stm32l151-application/message.o
                0x080057a0                get_pure_msg
 .text.get_common_msg
                0x080057fc       0x60 build_ak-base-kit-stm32l151-application/message.o
                0x080057fc                get_common_msg
 .text.set_data_common_msg
                0x0800585c       0x4c build_ak-base-kit-stm32l151-application/message.o
                0x0800585c                set_data_common_msg
 .text.get_data_common_msg
                0x080058a8       0x28 build_ak-base-kit-stm32l151-application/message.o
                0x080058a8                get_data_common_msg
 .text.get_data_len_common_msg
                0x080058d0       0x28 build_ak-base-kit-stm32l151-application/message.o
                0x080058d0                get_data_len_common_msg
 .text.get_dynamic_msg
                0x080058f8       0x64 build_ak-base-kit-stm32l151-application/message.o
                0x080058f8                get_dynamic_msg
 .text.set_data_dynamic_msg
                0x0800595c       0x3c build_ak-base-kit-stm32l151-application/message.o
                0x0800595c                set_data_dynamic_msg
 .text.get_data_dynamic_msg
                0x08005998       0x28 build_ak-base-kit-stm32l151-application/message.o
                0x08005998                get_data_dynamic_msg
 .text.get_data_len_dynamic_msg
                0x080059c0        0x4 build_ak-base-kit-stm32l151-application/message.o
                0x080059c0                get_data_len_dynamic_msg
 .text.log_queue_init
                0x080059c4       0x2e build_ak-base-kit-stm32l151-application/log_queue.o
                0x080059c4                log_queue_init
 .text.log_queue_len
                0x080059f2        0x4 build_ak-base-kit-stm32l151-application/log_queue.o
                0x080059f2                log_queue_len
 .text.log_queue_put
                0x080059f6       0x5c build_ak-base-kit-stm32l151-application/log_queue.o
                0x080059f6                log_queue_put
 .text.log_queue_get
                0x08005a52       0x30 build_ak-base-kit-stm32l151-application/log_queue.o
                0x08005a52                log_queue_get
 .text.fifo_init
                0x08005a82       0x12 build_ak-base-kit-stm32l151-application/fifo.o
                0x08005a82                fifo_init
 .text.fifo_availble
                0x08005a94        0x4 build_ak-base-kit-stm32l151-application/fifo.o
                0x08005a94                fifo_availble
 .text.fifo_is_full
                0x08005a98        0xc build_ak-base-kit-stm32l151-application/fifo.o
                0x08005a98                fifo_is_full
 .text.fifo_put
                0x08005aa4       0x54 build_ak-base-kit-stm32l151-application/fifo.o
                0x08005aa4                fifo_put
 .text.fifo_get
                0x08005af8       0x50 build_ak-base-kit-stm32l151-application/fifo.o
                0x08005af8                fifo_get
 .text.ring_buffer_char_init
                0x08005b48        0xc build_ak-base-kit-stm32l151-application/ring_buffer.o
                0x08005b48                ring_buffer_char_init
 .text.ring_buffer_char_is_empty
                0x08005b54        0xa build_ak-base-kit-stm32l151-application/ring_buffer.o
                0x08005b54                ring_buffer_char_is_empty
 .text.ring_buffer_char_put
                0x08005b5e       0x36 build_ak-base-kit-stm32l151-application/ring_buffer.o
                0x08005b5e                ring_buffer_char_put
 .text.ring_buffer_char_get
                0x08005b94       0x28 build_ak-base-kit-stm32l151-application/ring_buffer.o
                0x08005b94                ring_buffer_char_get
 .text.mem_read
                0x08005bbc       0x18 build_ak-base-kit-stm32l151-application/utils.o
                0x08005bbc                mem_read
 .text.mem_write
                0x08005bd4       0x1a build_ak-base-kit-stm32l151-application/utils.o
                0x08005bd4                mem_write
 *fill*         0x08005bee        0x2 
 .text.ilog10   0x08005bf0       0xd8 build_ak-base-kit-stm32l151-application/xprintf.o
 .text.i10x     0x08005cc8       0x78 build_ak-base-kit-stm32l151-application/xprintf.o
 .text.xfputc   0x08005d40       0x30 build_ak-base-kit-stm32l151-application/xprintf.o
                0x08005d40                xfputc
 .text.xputc    0x08005d70       0x10 build_ak-base-kit-stm32l151-application/xprintf.o
                0x08005d70                xputc
 .text.xvfprintf
                0x08005d80      0x590 build_ak-base-kit-stm32l151-application/xprintf.o
 .text.xprintf  0x08006310       0x24 build_ak-base-kit-stm32l151-application/xprintf.o
                0x08006310                xprintf
 .text.cmd_line_parser
                0x08006334       0x74 build_ak-base-kit-stm32l151-application/cmd_line.o
                0x08006334                cmd_line_parser
 .text.button_init
                0x080063a8       0x34 build_ak-base-kit-stm32l151-application/button.o
                0x080063a8                button_init
 .text.button_enable
                0x080063dc        0x6 build_ak-base-kit-stm32l151-application/button.o
                0x080063dc                button_enable
 .text.button_timer_polling
                0x080063e2       0x76 build_ak-base-kit-stm32l151-application/button.o
                0x080063e2                button_timer_polling
 .text.flash_wait_to_idle
                0x08006458       0x32 build_ak-base-kit-stm32l151-application/flash.o
 .text.flash_set_write_enable.constprop.0
                0x0800648a       0x14 build_ak-base-kit-stm32l151-application/flash.o
 .text.flash_is_connected
                0x0800649e       0x22 build_ak-base-kit-stm32l151-application/flash.o
                0x0800649e                flash_is_connected
 .text.flash_read
                0x080064c0       0x5a build_ak-base-kit-stm32l151-application/flash.o
                0x080064c0                flash_read
 .text.flash_write
                0x0800651a       0x68 build_ak-base-kit-stm32l151-application/flash.o
                0x0800651a                flash_write
 .text.flash_erase_sector
                0x08006582       0x48 build_ak-base-kit-stm32l151-application/flash.o
                0x08006582                flash_erase_sector
 .text.flash_erase_block_64k
                0x080065ca       0x46 build_ak-base-kit-stm32l151-application/flash.o
                0x080065ca                flash_erase_block_64k
 .text.led_init
                0x08006610       0x20 build_ak-base-kit-stm32l151-application/led.o
                0x08006610                led_init
 .text.led_on   0x08006630        0xc build_ak-base-kit-stm32l151-application/led.o
                0x08006630                led_on
 .text.led_off  0x0800663c        0xc build_ak-base-kit-stm32l151-application/led.o
                0x0800663c                led_off
 .text.led_toggle
                0x08006648       0x12 build_ak-base-kit-stm32l151-application/led.o
                0x08006648                led_toggle
 *fill*         0x0800665a        0x2 
 .text.BUZZER_Init
                0x0800665c       0xd0 build_ak-base-kit-stm32l151-application/buzzer.o
                0x0800665c                BUZZER_Init
 .text.BUZZER_Disable
                0x0800672c       0x38 build_ak-base-kit-stm32l151-application/buzzer.o
                0x0800672c                BUZZER_Disable
 .text.BUZZER_Enable
                0x08006764       0x84 build_ak-base-kit-stm32l151-application/buzzer.o
                0x08006764                BUZZER_Enable
 .text.buzzer_irq
                0x080067e8       0x98 build_ak-base-kit-stm32l151-application/buzzer.o
                0x080067e8                buzzer_irq
 .text.BUZZER_PlaySound
                0x08006880       0x3c build_ak-base-kit-stm32l151-application/buzzer.o
                0x08006880                BUZZER_PlaySound
 .text.sys_dbg_cpu_dump
                0x080068bc       0x4c build_ak-base-kit-stm32l151-application/sys_dbg.o
                0x080068bc                sys_dbg_cpu_dump
 .text.sys_dbg_stack_space_dump
                0x08006908       0x30 build_ak-base-kit-stm32l151-application/sys_dbg.o
                0x08006908                sys_dbg_stack_space_dump
 .text.sys_dbg_fatal
                0x08006938      0x3ac build_ak-base-kit-stm32l151-application/sys_dbg.o
                0x08006938                sys_dbg_fatal
 .text.sys_boot_init
                0x08006ce4       0x14 build_ak-base-kit-stm32l151-application/sys_boot.o
                0x08006ce4                sys_boot_init
 .text.sys_boot_get
                0x08006cf8        0xc build_ak-base-kit-stm32l151-application/sys_boot.o
                0x08006cf8                sys_boot_get
 .text.sys_boot_set
                0x08006d04       0x30 build_ak-base-kit-stm32l151-application/sys_boot.o
                0x08006d04                sys_boot_set
 .text.eMBExceptionToErrorcode
                0x08006d34       0x14 build_ak-base-kit-stm32l151-application/mbutils.o
                0x08006d34                eMBExceptionToErrorcode
 .text.eMBMReleaseHdl
                0x08006d48       0x58 build_ak-base-kit-stm32l151-application/mbm.o
 .text.bMBMResponseTimeoutCB
                0x08006da0       0x18 build_ak-base-kit-stm32l151-application/mbm.o
 .text.bMBMIsHdlValid
                0x08006db8       0x18 build_ak-base-kit-stm32l151-application/mbm.o
                0x08006db8                bMBMIsHdlValid
 .text.vMBMMasterTransactionPolled
                0x08006dd0       0xae build_ak-base-kit-stm32l151-application/mbm.o
                0x08006dd0                vMBMMasterTransactionPolled
 *fill*         0x08006e7e        0x2 
 .text.eMBMSerialInitExt
                0x08006e80       0xbc build_ak-base-kit-stm32l151-application/mbm.o
                0x08006e80                eMBMSerialInitExt
 .text.usMBMCRC16
                0x08006f3c       0x2c build_ak-base-kit-stm32l151-application/mbmcrc.o
                0x08006f3c                usMBMCRC16
 .text.bMBMSerialWaitCB
                0x08006f68       0x3c build_ak-base-kit-stm32l151-application/mbmrtu.o
 .text.bMBMSerialRTUT35CB
                0x08006fa4       0x58 build_ak-base-kit-stm32l151-application/mbmrtu.o
 .text.bMBMSerialRTUTransmitterEmptyAPIV1CB
                0x08006ffc       0xae build_ak-base-kit-stm32l151-application/mbmrtu.o
 .text.bMBMSerialRTUReceiverAPIV1CB
                0x080070aa       0xa0 build_ak-base-kit-stm32l151-application/mbmrtu.o
 *fill*         0x0800714a        0x2 
 .text.eMBMSerialRTUFrameCloseInternal
                0x0800714c       0x8c build_ak-base-kit-stm32l151-application/mbmrtu.o
 .text.eMBMSerialRTUFrameReceive
                0x080071d8       0xc4 build_ak-base-kit-stm32l151-application/mbmrtu.o
 .text.eMBMSerialRTUFrameSend
                0x0800729c       0xd0 build_ak-base-kit-stm32l151-application/mbmrtu.o
 .text.eMBMSerialRTUFrameClose
                0x0800736c       0x18 build_ak-base-kit-stm32l151-application/mbmrtu.o
 .text.eMBMSerialRTUInit
                0x08007384      0x118 build_ak-base-kit-stm32l151-application/mbmrtu.o
                0x08007384                eMBMSerialRTUInit
 .text.vMBMReadHoldingRegistersPolled
                0x0800749c      0x14c build_ak-base-kit-stm32l151-application/mbmfuncholding.o
                0x0800749c                vMBMReadHoldingRegistersPolled
 .text.eMBMReadHoldingRegisters
                0x080075e8       0x42 build_ak-base-kit-stm32l151-application/mbmfuncholding.o
                0x080075e8                eMBMReadHoldingRegisters
 *fill*         0x0800762a        0x2 
 .text.vMBMReadCoilsPolled
                0x0800762c      0x128 build_ak-base-kit-stm32l151-application/mbmfunccoils.o
                0x0800762c                vMBMReadCoilsPolled
 .text.eMBMReadCoils
                0x08007754       0x42 build_ak-base-kit-stm32l151-application/mbmfunccoils.o
                0x08007754                eMBMReadCoils
 *fill*         0x08007796        0x2 
 .text.vMBMReadDiscreteInputsPolled
                0x08007798      0x124 build_ak-base-kit-stm32l151-application/mbmfuncdisc.o
                0x08007798                vMBMReadDiscreteInputsPolled
 .text.eMBMReadDiscreteInputs
                0x080078bc       0x42 build_ak-base-kit-stm32l151-application/mbmfuncdisc.o
                0x080078bc                eMBMReadDiscreteInputs
 *fill*         0x080078fe        0x2 
 .text.vMBMReadInputRegistersPolled
                0x08007900      0x134 build_ak-base-kit-stm32l151-application/mbmfuncinput.o
                0x08007900                vMBMReadInputRegistersPolled
 .text.eMBMReadInputRegisters
                0x08007a34       0x42 build_ak-base-kit-stm32l151-application/mbmfuncinput.o
                0x08007a34                eMBMReadInputRegisters
 *fill*         0x08007a76        0x2 
 .text.eMBPEventCreate
                0x08007a78       0x58 build_ak-base-kit-stm32l151-application/mbportevent.o
                0x08007a78                eMBPEventCreate
 .text.eMBPEventPost
                0x08007ad0       0x2c build_ak-base-kit-stm32l151-application/mbportevent.o
                0x08007ad0                eMBPEventPost
 .text.bMBPEventGet
                0x08007afc       0x34 build_ak-base-kit-stm32l151-application/mbportevent.o
                0x08007afc                bMBPEventGet
 .text.vMBPEventDelete
                0x08007b30       0x2c build_ak-base-kit-stm32l151-application/mbportevent.o
                0x08007b30                vMBPEventDelete
 .text.vMBPAssert
                0x08007b5c       0x1c build_ak-base-kit-stm32l151-application/mbportother.o
                0x08007b5c                vMBPAssert
 .text.vMBPEnterCritical
                0x08007b78        0x4 build_ak-base-kit-stm32l151-application/mbportother.o
                0x08007b78                vMBPEnterCritical
 .text.vMBPExitCritical
                0x08007b7c        0x4 build_ak-base-kit-stm32l151-application/mbportother.o
                0x08007b7c                vMBPExitCritical
 .text.eMBPSerialInit
                0x08007b80      0x138 build_ak-base-kit-stm32l151-application/mbportserial.o
                0x08007b80                eMBPSerialInit
 .text.eMBPSerialClose
                0x08007cb8       0x58 build_ak-base-kit-stm32l151-application/mbportserial.o
                0x08007cb8                eMBPSerialClose
 .text.eMBPSerialTxEnable
                0x08007d10       0x6c build_ak-base-kit-stm32l151-application/mbportserial.o
                0x08007d10                eMBPSerialTxEnable
 .text.eMBPSerialRxEnable
                0x08007d7c       0x58 build_ak-base-kit-stm32l151-application/mbportserial.o
                0x08007d7c                eMBPSerialRxEnable
 .text.vMBPUSART2ISR
                0x08007dd4       0xec build_ak-base-kit-stm32l151-application/mbportserial.o
                0x08007dd4                vMBPUSART2ISR
 .text.eMBPTimerInit
                0x08007ec0       0xdc build_ak-base-kit-stm32l151-application/mbporttimer.o
                0x08007ec0                eMBPTimerInit
 .text.vMBPTimerClose
                0x08007f9c       0x28 build_ak-base-kit-stm32l151-application/mbporttimer.o
                0x08007f9c                vMBPTimerClose
 .text.eMBPTimerStart
                0x08007fc4       0x2c build_ak-base-kit-stm32l151-application/mbporttimer.o
                0x08007fc4                eMBPTimerStart
 .text.eMBPTimerStop
                0x08007ff0       0x30 build_ak-base-kit-stm32l151-application/mbporttimer.o
                0x08007ff0                eMBPTimerStop
 .text.vMBPTimerISR
                0x08008020       0x58 build_ak-base-kit-stm32l151-application/mbporttimer.o
                0x08008020                vMBPTimerISR
 .text.GPIO_Init
                0x08008078       0x74 build_ak-base-kit-stm32l151-application/stm32l1xx_gpio.o
                0x08008078                GPIO_Init
 .text.GPIO_ReadInputDataBit
                0x080080ec        0xe build_ak-base-kit-stm32l151-application/stm32l1xx_gpio.o
                0x080080ec                GPIO_ReadInputDataBit
 .text.GPIO_SetBits
                0x080080fa        0x4 build_ak-base-kit-stm32l151-application/stm32l1xx_gpio.o
                0x080080fa                GPIO_SetBits
 .text.GPIO_ResetBits
                0x080080fe        0x4 build_ak-base-kit-stm32l151-application/stm32l1xx_gpio.o
                0x080080fe                GPIO_ResetBits
 .text.GPIO_PinAFConfig
                0x08008102       0x24 build_ak-base-kit-stm32l151-application/stm32l1xx_gpio.o
                0x08008102                GPIO_PinAFConfig
 *fill*         0x08008126        0x2 
 .text.RCC_HSICmd
                0x08008128        0xc build_ak-base-kit-stm32l151-application/stm32l1xx_rcc.o
                0x08008128                RCC_HSICmd
 .text.RCC_GetClocksFreq
                0x08008134       0x94 build_ak-base-kit-stm32l151-application/stm32l1xx_rcc.o
                0x08008134                RCC_GetClocksFreq
 .text.RCC_AHBPeriphClockCmd
                0x080081c8       0x18 build_ak-base-kit-stm32l151-application/stm32l1xx_rcc.o
                0x080081c8                RCC_AHBPeriphClockCmd
 .text.RCC_APB2PeriphClockCmd
                0x080081e0       0x18 build_ak-base-kit-stm32l151-application/stm32l1xx_rcc.o
                0x080081e0                RCC_APB2PeriphClockCmd
 .text.RCC_APB1PeriphClockCmd
                0x080081f8       0x18 build_ak-base-kit-stm32l151-application/stm32l1xx_rcc.o
                0x080081f8                RCC_APB1PeriphClockCmd
 .text.RCC_APB2PeriphResetCmd
                0x08008210       0x18 build_ak-base-kit-stm32l151-application/stm32l1xx_rcc.o
                0x08008210                RCC_APB2PeriphResetCmd
 .text.RCC_APB1PeriphResetCmd
                0x08008228       0x18 build_ak-base-kit-stm32l151-application/stm32l1xx_rcc.o
                0x08008228                RCC_APB1PeriphResetCmd
 .text.RCC_GetFlagStatus
                0x08008240       0x20 build_ak-base-kit-stm32l151-application/stm32l1xx_rcc.o
                0x08008240                RCC_GetFlagStatus
 .text.USART_DeInit
                0x08008260       0x9c build_ak-base-kit-stm32l151-application/stm32l1xx_usart.o
                0x08008260                USART_DeInit
 .text.USART_Init
                0x080082fc       0xa4 build_ak-base-kit-stm32l151-application/stm32l1xx_usart.o
                0x080082fc                USART_Init
 .text.USART_ClockInit
                0x080083a0       0x20 build_ak-base-kit-stm32l151-application/stm32l1xx_usart.o
                0x080083a0                USART_ClockInit
 .text.USART_Cmd
                0x080083c0       0x18 build_ak-base-kit-stm32l151-application/stm32l1xx_usart.o
                0x080083c0                USART_Cmd
 .text.USART_SendData
                0x080083d8        0x8 build_ak-base-kit-stm32l151-application/stm32l1xx_usart.o
                0x080083d8                USART_SendData
 .text.USART_ReceiveData
                0x080083e0        0x8 build_ak-base-kit-stm32l151-application/stm32l1xx_usart.o
                0x080083e0                USART_ReceiveData
 .text.USART_ITConfig
                0x080083e8       0x32 build_ak-base-kit-stm32l151-application/stm32l1xx_usart.o
                0x080083e8                USART_ITConfig
 .text.USART_GetFlagStatus
                0x0800841a        0xe build_ak-base-kit-stm32l151-application/stm32l1xx_usart.o
                0x0800841a                USART_GetFlagStatus
 .text.USART_GetITStatus
                0x08008428       0x3c build_ak-base-kit-stm32l151-application/stm32l1xx_usart.o
                0x08008428                USART_GetITStatus
 .text.USART_ClearITPendingBit
                0x08008464        0xe build_ak-base-kit-stm32l151-application/stm32l1xx_usart.o
                0x08008464                USART_ClearITPendingBit
 *fill*         0x08008472        0x2 
 .text.SPI_I2S_DeInit
                0x08008474       0x64 build_ak-base-kit-stm32l151-application/stm32l1xx_spi.o
                0x08008474                SPI_I2S_DeInit
 .text.SPI_Init
                0x080084d8       0x3e build_ak-base-kit-stm32l151-application/stm32l1xx_spi.o
                0x080084d8                SPI_Init
 .text.SPI_Cmd  0x08008516       0x18 build_ak-base-kit-stm32l151-application/stm32l1xx_spi.o
                0x08008516                SPI_Cmd
 .text.SPI_I2S_ReceiveData
                0x0800852e        0x6 build_ak-base-kit-stm32l151-application/stm32l1xx_spi.o
                0x0800852e                SPI_I2S_ReceiveData
 .text.SPI_I2S_SendData
                0x08008534        0x4 build_ak-base-kit-stm32l151-application/stm32l1xx_spi.o
                0x08008534                SPI_I2S_SendData
 .text.SPI_I2S_GetFlagStatus
                0x08008538        0xe build_ak-base-kit-stm32l151-application/stm32l1xx_spi.o
                0x08008538                SPI_I2S_GetFlagStatus
 *fill*         0x08008546        0x2 
 .text.NVIC_PriorityGroupConfig
                0x08008548       0x14 build_ak-base-kit-stm32l151-application/misc.o
                0x08008548                NVIC_PriorityGroupConfig
 .text.NVIC_Init
                0x0800855c       0x58 build_ak-base-kit-stm32l151-application/misc.o
                0x0800855c                NVIC_Init
 .text.EXTI_GetFlagStatus
                0x080085b4       0x14 build_ak-base-kit-stm32l151-application/stm32l1xx_exti.o
                0x080085b4                EXTI_GetFlagStatus
 .text.EXTI_GetITStatus
                0x080085c8        0x4 build_ak-base-kit-stm32l151-application/stm32l1xx_exti.o
                0x080085c8                EXTI_GetITStatus
 .text.EXTI_ClearITPendingBit
                0x080085cc        0xc build_ak-base-kit-stm32l151-application/stm32l1xx_exti.o
                0x080085cc                EXTI_ClearITPendingBit
 .text.TIM_DeInit
                0x080085d8       0xe4 build_ak-base-kit-stm32l151-application/stm32l1xx_tim.o
                0x080085d8                TIM_DeInit
 .text.TIM_TimeBaseInit
                0x080086bc       0x5c build_ak-base-kit-stm32l151-application/stm32l1xx_tim.o
                0x080086bc                TIM_TimeBaseInit
 .text.TIM_ARRPreloadConfig
                0x08008718       0x18 build_ak-base-kit-stm32l151-application/stm32l1xx_tim.o
                0x08008718                TIM_ARRPreloadConfig
 .text.TIM_Cmd  0x08008730       0x18 build_ak-base-kit-stm32l151-application/stm32l1xx_tim.o
                0x08008730                TIM_Cmd
 .text.TIM_OC3Init
                0x08008748       0x3c build_ak-base-kit-stm32l151-application/stm32l1xx_tim.o
                0x08008748                TIM_OC3Init
 .text.TIM_OC3PreloadConfig
                0x08008784       0x10 build_ak-base-kit-stm32l151-application/stm32l1xx_tim.o
                0x08008784                TIM_OC3PreloadConfig
 .text.TIM_ITConfig
                0x08008794       0x12 build_ak-base-kit-stm32l151-application/stm32l1xx_tim.o
                0x08008794                TIM_ITConfig
 .text.TIM_GetITStatus
                0x080087a6       0x16 build_ak-base-kit-stm32l151-application/stm32l1xx_tim.o
                0x080087a6                TIM_GetITStatus
 .text.TIM_ClearITPendingBit
                0x080087bc        0x8 build_ak-base-kit-stm32l151-application/stm32l1xx_tim.o
                0x080087bc                TIM_ClearITPendingBit
 .text.ADC_Init
                0x080087c4       0x4c build_ak-base-kit-stm32l151-application/stm32l1xx_adc.o
                0x080087c4                ADC_Init
 .text.ADC_Cmd  0x08008810       0x12 build_ak-base-kit-stm32l151-application/stm32l1xx_adc.o
                0x08008810                ADC_Cmd
 *fill*         0x08008822        0x2 
 .text.ADC_TempSensorVrefintCmd
                0x08008824       0x18 build_ak-base-kit-stm32l151-application/stm32l1xx_adc.o
                0x08008824                ADC_TempSensorVrefintCmd
 .text.ADC_RegularChannelConfig
                0x0800883c      0x106 build_ak-base-kit-stm32l151-application/stm32l1xx_adc.o
                0x0800883c                ADC_RegularChannelConfig
 .text.ADC_SoftwareStartConv
                0x08008942        0xa build_ak-base-kit-stm32l151-application/stm32l1xx_adc.o
                0x08008942                ADC_SoftwareStartConv
 .text.ADC_GetConversionValue
                0x0800894c        0x6 build_ak-base-kit-stm32l151-application/stm32l1xx_adc.o
                0x0800894c                ADC_GetConversionValue
 .text.ADC_GetFlagStatus
                0x08008952        0xc build_ak-base-kit-stm32l151-application/stm32l1xx_adc.o
                0x08008952                ADC_GetFlagStatus
 *fill*         0x0800895e        0x2 
 .text.PWR_UltraLowPowerCmd
                0x08008960        0xc build_ak-base-kit-stm32l151-application/stm32l1xx_pwr.o
                0x08008960                PWR_UltraLowPowerCmd
 .text.PWR_EnterSTOPMode
                0x0800896c       0x34 build_ak-base-kit-stm32l151-application/stm32l1xx_pwr.o
                0x0800896c                PWR_EnterSTOPMode
 .text.FLASH_Lock
                0x080089a0       0x10 build_ak-base-kit-stm32l151-application/stm32l1xx_flash.o
                0x080089a0                FLASH_Lock
 .text.DATA_EEPROM_Unlock
                0x080089b0       0x20 build_ak-base-kit-stm32l151-application/stm32l1xx_flash.o
                0x080089b0                DATA_EEPROM_Unlock
 .text.FLASH_Unlock
                0x080089d0       0x2c build_ak-base-kit-stm32l151-application/stm32l1xx_flash.o
                0x080089d0                FLASH_Unlock
 .text.DATA_EEPROM_Lock
                0x080089fc       0x10 build_ak-base-kit-stm32l151-application/stm32l1xx_flash.o
                0x080089fc                DATA_EEPROM_Lock
 .text.FLASH_OB_Unlock
                0x08008a0c       0x2c build_ak-base-kit-stm32l151-application/stm32l1xx_flash.o
                0x08008a0c                FLASH_OB_Unlock
 .text.FLASH_OB_Launch
                0x08008a38       0x10 build_ak-base-kit-stm32l151-application/stm32l1xx_flash.o
                0x08008a38                FLASH_OB_Launch
 .text.FLASH_OB_GetBOR
                0x08008a48       0x10 build_ak-base-kit-stm32l151-application/stm32l1xx_flash.o
                0x08008a48                FLASH_OB_GetBOR
 .text.FLASH_ClearFlag
                0x08008a58        0xc build_ak-base-kit-stm32l151-application/stm32l1xx_flash.o
                0x08008a58                FLASH_ClearFlag
 .text.FLASH_GetStatus
                0x08008a64       0x28 build_ak-base-kit-stm32l151-application/stm32l1xx_flash.o
                0x08008a64                FLASH_GetStatus
 .text.FLASH_WaitForLastOperation
                0x08008a8c       0x3c build_ak-base-kit-stm32l151-application/stm32l1xx_flash.o
                0x08008a8c                FLASH_WaitForLastOperation
 .text.FLASH_ErasePage
                0x08008ac8       0x44 build_ak-base-kit-stm32l151-application/stm32l1xx_flash.o
                0x08008ac8                FLASH_ErasePage
 .text.FLASH_FastProgramWord
                0x08008b0c       0x22 build_ak-base-kit-stm32l151-application/stm32l1xx_flash.o
                0x08008b0c                FLASH_FastProgramWord
 .text.DATA_EEPROM_EraseWord
                0x08008b2e       0x16 build_ak-base-kit-stm32l151-application/stm32l1xx_flash.o
                0x08008b2e                DATA_EEPROM_EraseWord
 .text.DATA_EEPROM_FastProgramWord
                0x08008b44       0x30 build_ak-base-kit-stm32l151-application/stm32l1xx_flash.o
                0x08008b44                DATA_EEPROM_FastProgramWord
 .text.DATA_EEPROM_ProgramByte
                0x08008b74       0x4a build_ak-base-kit-stm32l151-application/stm32l1xx_flash.o
                0x08008b74                DATA_EEPROM_ProgramByte
 *fill*         0x08008bbe        0x2 
 .text.FLASH_OB_BORConfig
                0x08008bc0       0x3c build_ak-base-kit-stm32l151-application/stm32l1xx_flash.o
                0x08008bc0                FLASH_OB_BORConfig
 .text.IWDG_WriteAccessCmd
                0x08008bfc        0xc build_ak-base-kit-stm32l151-application/stm32l1xx_iwdg.o
                0x08008bfc                IWDG_WriteAccessCmd
 .text.IWDG_SetPrescaler
                0x08008c08        0xc build_ak-base-kit-stm32l151-application/stm32l1xx_iwdg.o
                0x08008c08                IWDG_SetPrescaler
 .text.IWDG_SetReload
                0x08008c14        0xc build_ak-base-kit-stm32l151-application/stm32l1xx_iwdg.o
                0x08008c14                IWDG_SetReload
 .text.IWDG_ReloadCounter
                0x08008c20       0x10 build_ak-base-kit-stm32l151-application/stm32l1xx_iwdg.o
                0x08008c20                IWDG_ReloadCounter
 .text.IWDG_Enable
                0x08008c30       0x10 build_ak-base-kit-stm32l151-application/stm32l1xx_iwdg.o
                0x08008c30                IWDG_Enable
 .text.I2C_SendData
                0x08008c40        0x4 build_ak-base-kit-stm32l151-application/stm32l1xx_i2c.o
                0x08008c40                I2C_SendData
 .text.I2C_CheckEvent
                0x08008c44       0x18 build_ak-base-kit-stm32l151-application/stm32l1xx_i2c.o
                0x08008c44                I2C_CheckEvent
 .text.disable_interrupts
                0x08008c5c       0x10 build_ak-base-kit-stm32l151-application/platform.o
                0x08008c5c                disable_interrupts
 .text.entry_critical
                0x08008c6c       0x14 build_ak-base-kit-stm32l151-application/platform.o
                0x08008c6c                entry_critical
 .text.exit_critical
                0x08008c80       0x30 build_ak-base-kit-stm32l151-application/platform.o
                0x08008c80                exit_critical
 .text.default_handler
                0x08008cb0       0x1c build_ak-base-kit-stm32l151-application/system.o
                0x08008cb0                svc_handler
                0x08008cb0                default_handler
                0x08008cb0                dg_monitor_handler
                0x08008cb0                pendsv_handler
 .text.nmi_handler
                0x08008ccc       0x1c build_ak-base-kit-stm32l151-application/system.o
                0x08008ccc                nmi_handler
 .text.hard_fault_handler
                0x08008ce8       0x1c build_ak-base-kit-stm32l151-application/system.o
                0x08008ce8                hard_fault_handler
 .text.mem_manage_handler
                0x08008d04       0x1c build_ak-base-kit-stm32l151-application/system.o
                0x08008d04                mem_manage_handler
 .text.bus_fault_handler
                0x08008d20       0x1c build_ak-base-kit-stm32l151-application/system.o
                0x08008d20                bus_fault_handler
 .text.usage_fault_handler
                0x08008d3c       0x1c build_ak-base-kit-stm32l151-application/system.o
                0x08008d3c                usage_fault_handler
 .text.systick_handler
                0x08008d58       0x40 build_ak-base-kit-stm32l151-application/system.o
                0x08008d58                systick_handler
 .text.uart1_irq
                0x08008d98       0x64 build_ak-base-kit-stm32l151-application/system.o
                0x08008d98                uart1_irq
 .text.exti_line1_irq
                0x08008dfc       0x1c build_ak-base-kit-stm32l151-application/system.o
                0x08008dfc                exti_line1_irq
 .text.timer7_irq
                0x08008e18       0x24 build_ak-base-kit-stm32l151-application/system.o
                0x08008e18                timer7_irq
 .text.sys_ctrl_delay
                0x08008e3c        0xc build_ak-base-kit-stm32l151-application/system.o
                0x08008e3c                sys_ctrl_delay
 .text.sys_ctrl_millis
                0x08008e48       0x1c build_ak-base-kit-stm32l151-application/system.o
                0x08008e48                sys_ctrl_millis
 .text._init    0x08008e64        0x2 build_ak-base-kit-stm32l151-application/system.o
                0x08008e64                _init
 .text._fini    0x08008e66        0x2 build_ak-base-kit-stm32l151-application/system.o
                0x08008e66                _fini
 .text.sys_stack_count_init
                0x08008e68       0x3c build_ak-base-kit-stm32l151-application/system.o
                0x08008e68                sys_stack_count_init
 .text.reset_handler
                0x08008ea4       0xc8 build_ak-base-kit-stm32l151-application/system.o
                0x08008ea4                reset_handler
 .text.sys_stack_usage
                0x08008f6c       0x20 build_ak-base-kit-stm32l151-application/system.o
                0x08008f6c                sys_stack_usage
 .text.sys_stack_get_size
                0x08008f8c        0xc build_ak-base-kit-stm32l151-application/system.o
                0x08008f8c                sys_stack_get_size
 .text.sys_ctrl_shell_put_char_block
                0x08008f98       0x2c build_ak-base-kit-stm32l151-application/sys_cfg.o
                0x08008f98                sys_ctrl_shell_put_char_block
 .text.sys_cfg_clock
                0x08008fc4       0x22 build_ak-base-kit-stm32l151-application/sys_cfg.o
                0x08008fc4                sys_cfg_clock
 *fill*         0x08008fe6        0x2 
 .text.sys_cfg_tick
                0x08008fe8       0x44 build_ak-base-kit-stm32l151-application/sys_cfg.o
                0x08008fe8                sys_cfg_tick
 .text.sys_cfg_svc
                0x0800902c       0x20 build_ak-base-kit-stm32l151-application/sys_cfg.o
                0x0800902c                sys_cfg_svc
 .text.sys_cfg_pendsv
                0x0800904c       0x24 build_ak-base-kit-stm32l151-application/sys_cfg.o
                0x0800904c                sys_cfg_pendsv
 .text.sys_cfg_update_info
                0x08009070      0x104 build_ak-base-kit-stm32l151-application/sys_cfg.o
                0x08009070                sys_cfg_update_info
 .text.sys_ctrl_shell_sw_to_block
                0x08009174       0x38 build_ak-base-kit-stm32l151-application/sys_cfg.o
                0x08009174                sys_ctrl_shell_sw_to_block
 .text.sys_cfg_console
                0x080091ac       0xc8 build_ak-base-kit-stm32l151-application/sys_cfg.o
                0x080091ac                sys_cfg_console
 .text.sys_ctrl_shell_get_char
                0x08009274       0x34 build_ak-base-kit-stm32l151-application/sys_cfg.o
                0x08009274                sys_ctrl_shell_get_char
 .text.sys_ctrl_reset
                0x080092a8       0x20 build_ak-base-kit-stm32l151-application/sys_cfg.o
                0x080092a8                sys_ctrl_reset
 .text.sys_ctrl_delay_us
                0x080092c8       0x58 build_ak-base-kit-stm32l151-application/sys_cfg.o
                0x080092c8                sys_ctrl_delay_us
 .text.sys_ctrl_delay_ms
                0x08009320       0x1e build_ak-base-kit-stm32l151-application/sys_cfg.o
                0x08009320                sys_ctrl_delay_ms
 *fill*         0x0800933e        0x2 
 .text.sys_ctr_stop_mcu
                0x08009340       0xa8 build_ak-base-kit-stm32l151-application/sys_cfg.o
                0x08009340                sys_ctr_stop_mcu
 .text.sys_ctrl_independent_watchdog_init
                0x080093e8       0x24 build_ak-base-kit-stm32l151-application/sys_cfg.o
                0x080093e8                sys_ctrl_independent_watchdog_init
 .text.sys_ctrl_independent_watchdog_reset
                0x0800940c       0x12 build_ak-base-kit-stm32l151-application/sys_cfg.o
                0x0800940c                sys_ctrl_independent_watchdog_reset
 *fill*         0x0800941e        0x2 
 .text.sys_ctrl_soft_watchdog_init
                0x08009420       0x58 build_ak-base-kit-stm32l151-application/sys_cfg.o
                0x08009420                sys_ctrl_soft_watchdog_init
 .text.sys_ctrl_soft_watchdog_reset
                0x08009478       0x18 build_ak-base-kit-stm32l151-application/sys_cfg.o
                0x08009478                sys_ctrl_soft_watchdog_reset
 .text.sys_ctrl_soft_watchdog_increase_counter
                0x08009490       0x40 build_ak-base-kit-stm32l151-application/sys_cfg.o
                0x08009490                sys_ctrl_soft_watchdog_increase_counter
 .text.sys_ctrl_get_firmware_info
                0x080094d0       0x40 build_ak-base-kit-stm32l151-application/sys_cfg.o
                0x080094d0                sys_ctrl_get_firmware_info
 .text.task_irq_io_entry_trigger
                0x08009510        0x2 build_ak-base-kit-stm32l151-application/sys_cfg.o
                0x08009510                task_irq_io_entry_trigger
 .text.task_irq_io_exit_trigger
                0x08009512        0x2 build_ak-base-kit-stm32l151-application/sys_cfg.o
                0x08009512                task_irq_io_exit_trigger
 .text.io_button_mode_init
                0x08009514       0x28 build_ak-base-kit-stm32l151-application/io_cfg.o
                0x08009514                io_button_mode_init
 .text.io_button_up_init
                0x0800953c       0x28 build_ak-base-kit-stm32l151-application/io_cfg.o
                0x0800953c                io_button_up_init
 .text.io_button_down_init
                0x08009564       0x28 build_ak-base-kit-stm32l151-application/io_cfg.o
                0x08009564                io_button_down_init
 .text.io_button_mode_read
                0x0800958c        0xc build_ak-base-kit-stm32l151-application/io_cfg.o
                0x0800958c                io_button_mode_read
 .text.io_button_up_read
                0x08009598       0x10 build_ak-base-kit-stm32l151-application/io_cfg.o
                0x08009598                io_button_up_read
 .text.io_button_down_read
                0x080095a8        0xc build_ak-base-kit-stm32l151-application/io_cfg.o
                0x080095a8                io_button_down_read
 .text.led_life_init
                0x080095b4       0x28 build_ak-base-kit-stm32l151-application/io_cfg.o
                0x080095b4                led_life_init
 .text.led_life_on
                0x080095dc       0x10 build_ak-base-kit-stm32l151-application/io_cfg.o
                0x080095dc                led_life_on
 .text.led_life_off
                0x080095ec       0x10 build_ak-base-kit-stm32l151-application/io_cfg.o
                0x080095ec                led_life_off
 .text.flash_io_ctrl_init
                0x080095fc       0x28 build_ak-base-kit-stm32l151-application/io_cfg.o
                0x080095fc                flash_io_ctrl_init
 .text.flash_cs_low
                0x08009624       0x10 build_ak-base-kit-stm32l151-application/io_cfg.o
                0x08009624                flash_cs_low
 .text.flash_cs_high
                0x08009634       0x10 build_ak-base-kit-stm32l151-application/io_cfg.o
                0x08009634                flash_cs_high
 .text.flash_transfer
                0x08009644       0x88 build_ak-base-kit-stm32l151-application/io_cfg.o
                0x08009644                flash_transfer
 .text.io_cfg_adc1
                0x080096cc       0x48 build_ak-base-kit-stm32l151-application/io_cfg.o
                0x080096cc                io_cfg_adc1
 .text.adc_bat_io_cfg
                0x08009714       0x2c build_ak-base-kit-stm32l151-application/io_cfg.o
                0x08009714                adc_bat_io_cfg
 .text.sys_ctr_get_vbat_voltage
                0x08009740       0x88 build_ak-base-kit-stm32l151-application/io_cfg.o
                0x08009740                sys_ctr_get_vbat_voltage
 .text.sys_ctr_get_mcu_temperature
                0x080097c8       0x68 build_ak-base-kit-stm32l151-application/io_cfg.o
                0x080097c8                sys_ctr_get_mcu_temperature
 .text.oled_clk_input_mode
                0x08009830       0x28 build_ak-base-kit-stm32l151-application/io_cfg.o
                0x08009830                oled_clk_input_mode
 .text.oled_clk_output_mode
                0x08009858       0x28 build_ak-base-kit-stm32l151-application/io_cfg.o
                0x08009858                oled_clk_output_mode
 .text.oled_clk_digital_write_low
                0x08009880       0x10 build_ak-base-kit-stm32l151-application/io_cfg.o
                0x08009880                oled_clk_digital_write_low
 .text.oled_clk_digital_write_high
                0x08009890       0x10 build_ak-base-kit-stm32l151-application/io_cfg.o
                0x08009890                oled_clk_digital_write_high
 .text.oled_data_input_mode
                0x080098a0       0x28 build_ak-base-kit-stm32l151-application/io_cfg.o
                0x080098a0                oled_data_input_mode
 .text.oled_data_output_mode
                0x080098c8       0x28 build_ak-base-kit-stm32l151-application/io_cfg.o
                0x080098c8                oled_data_output_mode
 .text.oled_data_digital_write_low
                0x080098f0       0x10 build_ak-base-kit-stm32l151-application/io_cfg.o
                0x080098f0                oled_data_digital_write_low
 .text.oled_data_digital_write_high
                0x08009900       0x10 build_ak-base-kit-stm32l151-application/io_cfg.o
                0x08009900                oled_data_digital_write_high
 .text.oled_res_input_mode
                0x08009910       0x28 build_ak-base-kit-stm32l151-application/io_cfg.o
                0x08009910                oled_res_input_mode
 .text.oled_res_output_mode
                0x08009938       0x28 build_ak-base-kit-stm32l151-application/io_cfg.o
                0x08009938                oled_res_output_mode
 .text.oled_res_digital_write_low
                0x08009960       0x10 build_ak-base-kit-stm32l151-application/io_cfg.o
                0x08009960                oled_res_digital_write_low
 .text.oled_res_digital_write_high
                0x08009970       0x10 build_ak-base-kit-stm32l151-application/io_cfg.o
                0x08009970                oled_res_digital_write_high
 .text.io_eeprom_read
                0x08009980       0x34 build_ak-base-kit-stm32l151-application/io_cfg.o
                0x08009980                io_eeprom_read
 .text.io_eeprom_erase
                0x080099b4       0x4c build_ak-base-kit-stm32l151-application/io_cfg.o
                0x080099b4                io_eeprom_erase
 .text.internal_flash_unlock
                0x08009a00       0x12 build_ak-base-kit-stm32l151-application/io_cfg.o
                0x08009a00                internal_flash_unlock
 .text.internal_flash_lock
                0x08009a12        0x4 build_ak-base-kit-stm32l151-application/io_cfg.o
                0x08009a12                internal_flash_lock
 .text.internal_flash_erase_pages_cal
                0x08009a16       0x24 build_ak-base-kit-stm32l151-application/io_cfg.o
                0x08009a16                internal_flash_erase_pages_cal
 .text.internal_flash_write_cal
                0x08009a3a       0x48 build_ak-base-kit-stm32l151-application/io_cfg.o
                0x08009a3a                internal_flash_write_cal
 *fill*         0x08009a82        0x2 
 .text.io_uart2_cfg
                0x08009a84       0xac build_ak-base-kit-stm32l151-application/io_cfg.o
                0x08009a84                io_uart2_cfg
 .text.io_uart_rs485_cfg
                0x08009b30       0x68 build_ak-base-kit-stm32l151-application/io_cfg.o
                0x08009b30                io_uart_rs485_cfg
 .text.io_rs485_dir_mode_output
                0x08009b98       0x30 build_ak-base-kit-stm32l151-application/io_cfg.o
                0x08009b98                io_rs485_dir_mode_output
 .text.io_rs485_dir_low
                0x08009bc8        0xc build_ak-base-kit-stm32l151-application/io_cfg.o
                0x08009bc8                io_rs485_dir_low
 .text.io_rs485_dir_high
                0x08009bd4        0xc build_ak-base-kit-stm32l151-application/io_cfg.o
                0x08009bd4                io_rs485_dir_high
 .text.SystemInit
                0x08009be0      0x114 build_ak-base-kit-stm32l151-application/system_stm32l1xx.o
                0x08009be0                SystemInit
 .text.SystemCoreClockUpdate
                0x08009cf4       0x7c build_ak-base-kit-stm32l151-application/system_stm32l1xx.o
                0x08009cf4                SystemCoreClockUpdate
 .text._Z18scr_game_ui_handleP8ak_msg_t
                0x08009d70       0x64 build_ak-base-kit-stm32l151-application/scr_game_ui.o
                0x08009d70                scr_game_ui_handle(ak_msg_t*)
 .text._Z16view_scr_game_uiv
                0x08009dd4      0x12c build_ak-base-kit-stm32l151-application/scr_game_ui.o
                0x08009dd4                view_scr_game_ui()
 .text._ZL16view_scr_startupv
                0x08009f00       0x90 build_ak-base-kit-stm32l151-application/scr_startup.o
 .text._Z18scr_startup_handleP8ak_msg_t
                0x08009f90       0x84 build_ak-base-kit-stm32l151-application/scr_startup.o
                0x08009f90                scr_startup_handle(ak_msg_t*)
 .text._ZL13spawn_enemiesv
                0x0800a014       0x60 build_ak-base-kit-stm32l151-application/game_shooter_logic.o
 .text._Z15game_logic_initv
                0x0800a074       0x58 build_ak-base-kit-stm32l151-application/game_shooter_logic.o
                0x0800a074                game_logic_init()
 .text._Z16game_player_movea
                0x0800a0cc       0x1c build_ak-base-kit-stm32l151-application/game_shooter_logic.o
                0x0800a0cc                game_player_move(signed char)
 .text._Z17game_player_shootv
                0x0800a0e8       0x38 build_ak-base-kit-stm32l151-application/game_shooter_logic.o
                0x0800a0e8                game_player_shoot()
 .text._Z17game_logic_updatev
                0x0800a120      0x150 build_ak-base-kit-stm32l151-application/game_shooter_logic.o
                0x0800a120                game_logic_update()
 .text._Z17game_shooter_taskP8ak_msg_t
                0x0800a270       0x4a build_ak-base-kit-stm32l151-application/game_shooter_task.o
                0x0800a270                game_shooter_task(ak_msg_t*)
 *fill*         0x0800a2ba        0x2 
 .text._Z11task_systemP8ak_msg_t
                0x0800a2bc       0x44 build_ak-base-kit-stm32l151-application/task_system.o
                0x0800a2bc                task_system(ak_msg_t*)
 .text.main_app
                0x0800a300      0x290 build_ak-base-kit-stm32l151-application/app.o
                0x0800a300                main_app
 .text._Z19task_polling_zigbeev
                0x0800a590        0x2 build_ak-base-kit-stm32l151-application/app.o
                0x0800a590                task_polling_zigbee()
 *fill*         0x0800a592        0x2 
 .text._Z20task_polling_consolev
                0x0800a594       0xd4 build_ak-base-kit-stm32l151-application/app.o
                0x0800a594                task_polling_console()
 .text.sys_irq_timer_10ms
                0x0800a668       0x24 build_ak-base-kit-stm32l151-application/app.o
                0x0800a668                sys_irq_timer_10ms
 .text._Z17btn_mode_callbackPv
                0x0800a68c       0x40 build_ak-base-kit-stm32l151-application/app_bsp.o
                0x0800a68c                btn_mode_callback(void*)
 .text._Z15btn_up_callbackPv
                0x0800a6cc       0x40 build_ak-base-kit-stm32l151-application/app_bsp.o
                0x0800a6cc                btn_up_callback(void*)
 .text._Z17btn_down_callbackPv
                0x0800a70c       0x40 build_ak-base-kit-stm32l151-application/app_bsp.o
                0x0800a70c                btn_down_callback(void*)
 .text._Z22updateDataModbusDeviceP21ModbusDeviceStructure
                0x0800a74c       0xc4 build_ak-base-kit-stm32l151-application/app_modbus_pull.o
                0x0800a74c                updateDataModbusDevice(ModbusDeviceStructure*)
 .text._ZL19str_parser_get_attrh
                0x0800a810       0x1c build_ak-base-kit-stm32l151-application/shell.o
 .text._Z9shell_sttPh
                0x0800a82c        0x4 build_ak-base-kit-stm32l151-application/shell.o
                0x0800a82c                shell_stt(unsigned char*)
 .text._Z9shell_psvPh
                0x0800a830       0x14 build_ak-base-kit-stm32l151-application/shell.o
                0x0800a830                shell_psv(unsigned char*)
 .text._Z11shell_resetPh
                0x0800a844       0x10 build_ak-base-kit-stm32l151-application/shell.o
                0x0800a844                shell_reset(unsigned char*)
 .text._Z10shell_helpPh
                0x0800a854       0x2c build_ak-base-kit-stm32l151-application/shell.o
                0x0800a854                shell_help(unsigned char*)
 .text._Z9shell_verPh
                0x0800a880      0x118 build_ak-base-kit-stm32l151-application/shell.o
                0x0800a880                shell_ver(unsigned char*)
 .text._Z12shell_rebootPh
                0x0800a998       0x10 build_ak-base-kit-stm32l151-application/shell.o
                0x0800a998                shell_reboot(unsigned char*)
 .text._ZL10str_parserPc
                0x0800a9a8       0x60 build_ak-base-kit-stm32l151-application/shell.o
 .text._Z11shell_fatalPh
                0x0800aa08      0x2e4 build_ak-base-kit-stm32l151-application/shell.o
                0x0800aa08                shell_fatal(unsigned char*)
 .text._Z11shell_flashPh
                0x0800acec      0x148 build_ak-base-kit-stm32l151-application/shell.o
                0x0800acec                shell_flash(unsigned char*)
 .text._Z9shell_epsPh
                0x0800ae34       0xc8 build_ak-base-kit-stm32l151-application/shell.o
                0x0800ae34                shell_eps(unsigned char*)
 .text._Z9shell_ramPh
                0x0800aefc      0x1fc build_ak-base-kit-stm32l151-application/shell.o
                0x0800aefc                shell_ram(unsigned char*)
 .text._Z10shell_bootPh
                0x0800b0f8       0xdc build_ak-base-kit-stm32l151-application/shell.o
                0x0800b0f8                shell_boot(unsigned char*)
 .text._Z9shell_fwuPh
                0x0800b1d4       0x34 build_ak-base-kit-stm32l151-application/shell.o
                0x0800b1d4                shell_fwu(unsigned char*)
 .text._Z12shell_buzzerPh
                0x0800b208       0x78 build_ak-base-kit-stm32l151-application/shell.o
                0x0800b208                shell_buzzer(unsigned char*)
 .text._Z9shell_dbgPh
                0x0800b280       0x3c build_ak-base-kit-stm32l151-application/shell.o
                0x0800b280                shell_dbg(unsigned char*)
 .text._Z12shell_modbusPh
                0x0800b2bc       0xd0 build_ak-base-kit-stm32l151-application/shell.o
                0x0800b2bc                shell_modbus(unsigned char*)
 .text._Z9shell_epiPh
                0x0800b38c        0x4 build_ak-base-kit-stm32l151-application/shell.o
                0x0800b38c                shell_epi(unsigned char*)
 .text._Z9shell_lcdPh
                0x0800b390      0x1cc build_ak-base-kit-stm32l151-application/shell.o
                0x0800b390                shell_lcd(unsigned char*)
 .text.sys_irq_shell
                0x0800b55c       0x2c build_ak-base-kit-stm32l151-application/task_shell.o
                0x0800b55c                sys_irq_shell
 .text._Z10task_shellP8ak_msg_t
                0x0800b588       0x7c build_ak-base-kit-stm32l151-application/task_shell.o
                0x0800b588                task_shell(ak_msg_t*)
 .text._Z9task_lifeP8ak_msg_t
                0x0800b604       0x20 build_ak-base-kit-stm32l151-application/task_life.o
                0x0800b604                task_life(ak_msg_t*)
 .text._Z7task_fwP8ak_msg_t
                0x0800b624      0x490 build_ak-base-kit-stm32l151-application/task_fw.o
                0x0800b624                task_fw(ak_msg_t*)
 .text._Z12task_displayP8ak_msg_t
                0x0800bab4        0x4 build_ak-base-kit-stm32l151-application/task_display.o
                0x0800bab4                task_display(ak_msg_t*)
 .text._Z7task_ifP8ak_msg_t
                0x0800bab8       0xe4 build_ak-base-kit-stm32l151-application/task_if.o
                0x0800bab8                task_if(ak_msg_t*)
 .text._Z12task_rf24_ifP8ak_msg_t
                0x0800bb9c        0x2 build_ak-base-kit-stm32l151-application/task_rf24_if.o
                0x0800bb9c                task_rf24_if(ak_msg_t*)
 *fill*         0x0800bb9e        0x2 
 .text._Z12task_uart_ifP8ak_msg_t
                0x0800bba0       0xc4 build_ak-base-kit-stm32l151-application/task_uart_if.o
                0x0800bba0                task_uart_if(ak_msg_t*)
 .text._Z8task_dbgP8ak_msg_t
                0x0800bc64        0x2 build_ak-base-kit-stm32l151-application/task_dbg.o
                0x0800bc64                task_dbg(ak_msg_t*)
 .text._ZL19view_render_dynamicPv
                0x0800bc66        0xa build_ak-base-kit-stm32l151-application/view_render.o
 .text._Z22view_render_display_onv
                0x0800bc70        0xc build_ak-base-kit-stm32l151-application/view_render.o
                0x0800bc70                view_render_display_on()
 .text.startup._GLOBAL__sub_I_view_render
                0x0800bc7c        0xc build_ak-base-kit-stm32l151-application/view_render.o
 .text.exit._GLOBAL__sub_D_view_render
                0x0800bc88        0xc build_ak-base-kit-stm32l151-application/view_render.o
 .text._Z18view_render_screenP13view_screen_t
                0x0800bc94       0x68 build_ak-base-kit-stm32l151-application/view_render.o
                0x0800bc94                view_render_screen(view_screen_t*)
 .text._ZL21view_render_rectanglePv
                0x0800bcfc       0xe8 build_ak-base-kit-stm32l151-application/view_render.o
 .text._Z12scr_mng_ctorP9scr_mng_tPFvP8ak_msg_tEP13view_screen_t
                0x0800bde4       0x30 build_ak-base-kit-stm32l151-application/screen_manager.o
                0x0800bde4                scr_mng_ctor(scr_mng_t*, void (*)(ak_msg_t*), view_screen_t*)
 .text._Z16scr_mng_dispatchP8ak_msg_t
                0x0800be14       0x6c build_ak-base-kit-stm32l151-application/screen_manager.o
                0x0800be14                scr_mng_dispatch(ak_msg_t*)
 .text._Z12scr_mng_tranPFvP8ak_msg_tEP13view_screen_t
                0x0800be80       0x50 build_ak-base-kit-stm32l151-application/screen_manager.o
                0x0800be80                scr_mng_tran(void (*)(ak_msg_t*), view_screen_t*)
 .text._ZN12Adafruit_GFX8drawLineEsssst
                0x0800bed0       0xca build_ak-base-kit-stm32l151-application/Adafruit_GFX.o
                0x0800bed0                Adafruit_GFX::drawLine(short, short, short, short, unsigned short)
 .text._ZN12Adafruit_GFX8drawRectEsssst
                0x0800bf9a       0x68 build_ak-base-kit-stm32l151-application/Adafruit_GFX.o
                0x0800bf9a                Adafruit_GFX::drawRect(short, short, short, short, unsigned short)
 .text._ZN12Adafruit_GFX13drawFastVLineEssst
                0x0800c002       0x1c build_ak-base-kit-stm32l151-application/Adafruit_GFX.o
                0x0800c002                Adafruit_GFX::drawFastVLine(short, short, short, unsigned short)
 .text._ZN12Adafruit_GFX13drawFastHLineEssst
                0x0800c01e       0x1a build_ak-base-kit-stm32l151-application/Adafruit_GFX.o
                0x0800c01e                Adafruit_GFX::drawFastHLine(short, short, short, unsigned short)
 .text._ZN12Adafruit_GFX8fillRectEsssst
                0x0800c038       0x38 build_ak-base-kit-stm32l151-application/Adafruit_GFX.o
                0x0800c038                Adafruit_GFX::fillRect(short, short, short, short, unsigned short)
 .text._ZN12Adafruit_GFX10fillScreenEt
                0x0800c070       0x1c build_ak-base-kit-stm32l151-application/Adafruit_GFX.o
                0x0800c070                Adafruit_GFX::fillScreen(unsigned short)
 .text._ZN12Adafruit_GFXC2Ess
                0x0800c08c       0x28 build_ak-base-kit-stm32l151-application/Adafruit_GFX.o
                0x0800c08c                Adafruit_GFX::Adafruit_GFX(short, short)
                0x0800c08c                Adafruit_GFX::Adafruit_GFX(short, short)
 .text._ZN12Adafruit_GFX10drawBitmapEssPKhsst
                0x0800c0b4       0x82 build_ak-base-kit-stm32l151-application/Adafruit_GFX.o
                0x0800c0b4                Adafruit_GFX::drawBitmap(short, short, unsigned char const*, short, short, unsigned short)
 *fill*         0x0800c136        0x2 
 .text._ZN12Adafruit_GFX8drawCharEsshtth
                0x0800c138      0x110 build_ak-base-kit-stm32l151-application/Adafruit_GFX.o
                0x0800c138                Adafruit_GFX::drawChar(short, short, unsigned char, unsigned short, unsigned short, unsigned char)
 .text._ZN12Adafruit_GFX5writeEh
                0x0800c248       0x60 build_ak-base-kit-stm32l151-application/Adafruit_GFX.o
                0x0800c248                Adafruit_GFX::write(unsigned char)
 .text._ZN12Adafruit_GFX9setCursorEss
                0x0800c2a8        0x6 build_ak-base-kit-stm32l151-application/Adafruit_GFX.o
                0x0800c2a8                Adafruit_GFX::setCursor(short, short)
 .text._ZN12Adafruit_GFX11setTextSizeEh
                0x0800c2ae        0xa build_ak-base-kit-stm32l151-application/Adafruit_GFX.o
                0x0800c2ae                Adafruit_GFX::setTextSize(unsigned char)
 .text._ZN12Adafruit_GFX12setTextColorEt
                0x0800c2b8        0x6 build_ak-base-kit-stm32l151-application/Adafruit_GFX.o
                0x0800c2b8                Adafruit_GFX::setTextColor(unsigned short)
 .text._ZN12Adafruit_GFX5widthEv
                0x0800c2be        0x6 build_ak-base-kit-stm32l151-application/Adafruit_GFX.o
                0x0800c2be                Adafruit_GFX::width()
 .text._ZN12Adafruit_GFX6heightEv
                0x0800c2c4        0x6 build_ak-base-kit-stm32l151-application/Adafruit_GFX.o
                0x0800c2c4                Adafruit_GFX::height()
 .text._ZN17Adafruit_oled_drv9updateRowEii
                0x0800c2ca       0x1e build_ak-base-kit-stm32l151-application/Adafruit_oled_drv.o
                0x0800c2ca                Adafruit_oled_drv::updateRow(int, int)
 .text._ZN17Adafruit_oled_drv9drawPixelEsst
                0x0800c2e8       0x52 build_ak-base-kit-stm32l151-application/Adafruit_oled_drv.o
                0x0800c2e8                Adafruit_oled_drv::drawPixel(short, short, unsigned short)
 *fill*         0x0800c33a        0x2 
 .text._ZN17Adafruit_oled_drvC2Ev
                0x0800c33c       0x28 build_ak-base-kit-stm32l151-application/Adafruit_oled_drv.o
                0x0800c33c                Adafruit_oled_drv::Adafruit_oled_drv()
                0x0800c33c                Adafruit_oled_drv::Adafruit_oled_drv()
 .text._ZN17Adafruit_oled_drvD2Ev
                0x0800c364        0x2 build_ak-base-kit-stm32l151-application/Adafruit_oled_drv.o
                0x0800c364                Adafruit_oled_drv::~Adafruit_oled_drv()
                0x0800c364                Adafruit_oled_drv::~Adafruit_oled_drv()
 .text._ZN17Adafruit_oled_drv5clearEb
                0x0800c366       0x22 build_ak-base-kit-stm32l151-application/Adafruit_oled_drv.o
                0x0800c366                Adafruit_oled_drv::clear(bool)
 .text._ZNK17Adafruit_oled_drv14getFrameBufferEv
                0x0800c388        0x4 build_ak-base-kit-stm32l151-application/Adafruit_oled_drv.o
                0x0800c388                Adafruit_oled_drv::getFrameBuffer() const
 .text._ZNK17Adafruit_oled_drv18getFrameBufferSizeEv
                0x0800c38c        0x6 build_ak-base-kit-stm32l151-application/Adafruit_oled_drv.o
                0x0800c38c                Adafruit_oled_drv::getFrameBufferSize() const
 .text._ZN17Adafruit_oled_drv9writeByteEh
                0x0800c392       0x54 build_ak-base-kit-stm32l151-application/Adafruit_oled_drv.o
                0x0800c392                Adafruit_oled_drv::writeByte(unsigned char)
 .text._ZN17Adafruit_oled_drv8startIICEv
                0x0800c3e6       0x2c build_ak-base-kit-stm32l151-application/Adafruit_oled_drv.o
                0x0800c3e6                Adafruit_oled_drv::startIIC()
 .text._ZN17Adafruit_oled_drv7stopIICEv
                0x0800c412       0x2c build_ak-base-kit-stm32l151-application/Adafruit_oled_drv.o
                0x0800c412                Adafruit_oled_drv::stopIIC()
 .text._ZN17Adafruit_oled_drv12writeCommandEh
                0x0800c43e       0x2c build_ak-base-kit-stm32l151-application/Adafruit_oled_drv.o
                0x0800c43e                Adafruit_oled_drv::writeCommand(unsigned char)
 *fill*         0x0800c46a        0x2 
 .text._ZN17Adafruit_oled_drv10initializeEv
                0x0800c46c      0x120 build_ak-base-kit-stm32l151-application/Adafruit_oled_drv.o
                0x0800c46c                Adafruit_oled_drv::initialize()
 .text._ZN17Adafruit_oled_drv10display_onEv
                0x0800c58c        0x6 build_ak-base-kit-stm32l151-application/Adafruit_oled_drv.o
                0x0800c58c                Adafruit_oled_drv::display_on()
 .text._ZN17Adafruit_oled_drv11display_offEv
                0x0800c592        0x6 build_ak-base-kit-stm32l151-application/Adafruit_oled_drv.o
                0x0800c592                Adafruit_oled_drv::display_off()
 .text._ZN17Adafruit_oled_drv17startDataSequenceEv
                0x0800c598       0x1c build_ak-base-kit-stm32l151-application/Adafruit_oled_drv.o
                0x0800c598                Adafruit_oled_drv::startDataSequence()
 .text._ZN17Adafruit_oled_drv6updateEv
                0x0800c5b4       0x4e build_ak-base-kit-stm32l151-application/Adafruit_oled_drv.o
                0x0800c5b4                Adafruit_oled_drv::update()
 .text._ZN17Adafruit_oled_drv9updateRowEi
                0x0800c602       0x6c build_ak-base-kit-stm32l151-application/Adafruit_oled_drv.o
                0x0800c602                Adafruit_oled_drv::updateRow(int)
 .text.eeprom_read
                0x0800c66e        0x4 build_ak-base-kit-stm32l151-application/eeprom.o
                0x0800c66e                eeprom_read
 .text.eeprom_erase
                0x0800c672        0x4 build_ak-base-kit-stm32l151-application/eeprom.o
                0x0800c672                eeprom_erase
 .text._ZL19link_hal_write_byteh
                0x0800c676        0x2 build_ak-base-kit-stm32l151-application/link_hal.o
 .text._ZL17link_hal_rev_byteh
                0x0800c678        0x4 build_ak-base-kit-stm32l151-application/link_hal.o
 .text._Z23link_hal_reg_write_bytePFhhE
                0x0800c67c       0x28 build_ak-base-kit-stm32l151-application/link_hal.o
                0x0800c67c                link_hal_reg_write_byte(unsigned char (*)(unsigned char))
 .text._Z21link_hal_reg_rev_bytePFhhE
                0x0800c6a4       0x28 build_ak-base-kit-stm32l151-application/link_hal.o
                0x0800c6a4                link_hal_reg_rev_byte(unsigned char (*)(unsigned char))
 .text._ZL21fsm_link_state_handleP8ak_msg_t
                0x0800c6cc      0x294 build_ak-base-kit-stm32l151-application/link.o
 .text._ZL19fsm_link_state_initP8ak_msg_t
                0x0800c960       0x80 build_ak-base-kit-stm32l151-application/link.o
 .text._Z9task_linkP8ak_msg_t
                0x0800c9e0        0xc build_ak-base-kit-stm32l151-application/link.o
                0x0800c9e0                task_link(ak_msg_t*)
 .text._Z23link_init_state_machinev
                0x0800c9ec       0x2c build_ak-base-kit-stm32l151-application/link.o
                0x0800c9ec                link_init_state_machine()
 .text._ZL23link_mac_frame_send_reqv
                0x0800ca18       0x3c build_ak-base-kit-stm32l151-application/link_mac.o
 .text._ZL23link_mac_frame_send_endv
                0x0800ca54       0x34 build_ak-base-kit-stm32l151-application/link_mac.o
 .text._ZL28link_mac_frame_cals_checksumP16link_mac_frame_t.constprop.0
                0x0800ca88       0x38 build_ak-base-kit-stm32l151-application/link_mac.o
 .text._Z25fsm_link_mac_state_handleP8ak_msg_t
                0x0800cac0      0x2b8 build_ak-base-kit-stm32l151-application/link_mac.o
                0x0800cac0                fsm_link_mac_state_handle(ak_msg_t*)
 .text._Z13task_link_macP8ak_msg_t
                0x0800cd78        0xc build_ak-base-kit-stm32l151-application/link_mac.o
                0x0800cd78                task_link_mac(ak_msg_t*)
 .text._Z23fsm_link_mac_state_initP8ak_msg_t
                0x0800cd84       0x88 build_ak-base-kit-stm32l151-application/link_mac.o
                0x0800cd84                fsm_link_mac_state_init(ak_msg_t*)
 .text._ZL26link_phy_frame_write_blockPhm
                0x0800ce0c       0x1c build_ak-base-kit-stm32l151-application/link_phy.o
 .text._ZL20link_phy_frame_writeP16link_phy_frame_t
                0x0800ce28       0x1c build_ak-base-kit-stm32l151-application/link_phy.o
 .text._ZL28link_phy_frame_cals_checksumP16link_phy_frame_t
                0x0800ce44       0x38 build_ak-base-kit-stm32l151-application/link_phy.o
 .text._ZL25link_phy_frame_write_byteh
                0x0800ce7c        0xc build_ak-base-kit-stm32l151-application/link_phy.o
 .text._ZL26ac_link_phy_frame_rev_byteh
                0x0800ce88       0xfc build_ak-base-kit-stm32l151-application/link_phy.o
 .text._ZL19link_phy_frame_sendv
                0x0800cf84       0x2c build_ak-base-kit-stm32l151-application/link_phy.o
 .text._Z25fsm_link_phy_state_handleP8ak_msg_t
                0x0800cfb0      0x1f4 build_ak-base-kit-stm32l151-application/link_phy.o
                0x0800cfb0                fsm_link_phy_state_handle(ak_msg_t*)
 .text._Z13task_link_phyP8ak_msg_t
                0x0800d1a4        0xc build_ak-base-kit-stm32l151-application/link_phy.o
                0x0800d1a4                task_link_phy(ak_msg_t*)
 .text._Z23fsm_link_phy_state_initP8ak_msg_t
                0x0800d1b0       0x90 build_ak-base-kit-stm32l151-application/link_phy.o
                0x0800d1b0                fsm_link_phy_state_init(ak_msg_t*)
 .text._Z26link_phy_get_send_frame_tov
                0x0800d240       0x10 build_ak-base-kit-stm32l151-application/link_phy.o
                0x0800d240                link_phy_get_send_frame_to()
 .text._Z13link_pdu_initv
                0x0800d250       0x54 build_ak-base-kit-stm32l151-application/link_data.o
                0x0800d250                link_pdu_init()
 .text._Z15link_pdu_mallocv
                0x0800d2a4       0x24 build_ak-base-kit-stm32l151-application/link_data.o
                0x0800d2a4                link_pdu_malloc()
 .text._Z12link_pdu_getm
                0x0800d2c8       0x3c build_ak-base-kit-stm32l151-application/link_data.o
                0x0800d2c8                link_pdu_get(unsigned long)
 .text._Z13link_pdu_freem
                0x0800d304       0x4c build_ak-base-kit-stm32l151-application/link_data.o
                0x0800d304                link_pdu_free(unsigned long)
 .text._Z17link_get_src_addrv
                0x0800d350       0x18 build_ak-base-kit-stm32l151-application/link_data.o
                0x0800d350                link_get_src_addr()
 .text._Z17link_get_des_addrv
                0x0800d368       0x18 build_ak-base-kit-stm32l151-application/link_data.o
                0x0800d368                link_get_des_addr()
 .text._Z7pinModehh
                0x0800d380       0x84 build_ak-base-kit-stm32l151-application/wiring_digital.o
                0x0800d380                pinMode(unsigned char, unsigned char)
 .text._Z12digitalWritehh
                0x0800d404       0x78 build_ak-base-kit-stm32l151-application/wiring_digital.o
                0x0800d404                digitalWrite(unsigned char, unsigned char)
 .text._ZN5Print5writeEPKhj
                0x0800d47c       0x22 build_ak-base-kit-stm32l151-application/Print.o
                0x0800d47c                Print::write(unsigned char const*, unsigned int)
 .text._ZN5Print5writeEPKc
                0x0800d49e       0x20 build_ak-base-kit-stm32l151-application/Print.o
                0x0800d49e                Print::write(char const*)
 .text._ZN5Print5printEPKc
                0x0800d4be        0x8 build_ak-base-kit-stm32l151-application/Print.o
                0x0800d4be                Print::print(char const*)
 .text._ZN5Print11printNumberEmh
                0x0800d4c6       0x3a build_ak-base-kit-stm32l151-application/Print.o
                0x0800d4c6                Print::printNumber(unsigned long, unsigned char)
 .text._ZN5Print5printEmi
                0x0800d500       0x16 build_ak-base-kit-stm32l151-application/Print.o
                0x0800d500                Print::print(unsigned long, int)
 .text._ZN5Print5printEhi
                0x0800d516        0x4 build_ak-base-kit-stm32l151-application/Print.o
                0x0800d516                Print::print(unsigned char, int)
 .text._ZN14HardwareSerial9availableEv
                0x0800d51a        0xa build_ak-base-kit-stm32l151-application/HardwareSerial.o
                0x0800d51a                HardwareSerial::available()
 .text._ZN14HardwareSerial4peekEv
                0x0800d524       0x14 build_ak-base-kit-stm32l151-application/HardwareSerial.o
                0x0800d524                HardwareSerial::peek()
 .text._ZN14HardwareSerial4readEv
                0x0800d538       0x20 build_ak-base-kit-stm32l151-application/HardwareSerial.o
                0x0800d538                HardwareSerial::read()
 .text._ZN14HardwareSerial5flushEv
                0x0800d558        0x2 build_ak-base-kit-stm32l151-application/HardwareSerial.o
                0x0800d558                HardwareSerial::flush()
 .text._ZN14HardwareSerial17availableForWriteEv
                0x0800d55a       0x26 build_ak-base-kit-stm32l151-application/HardwareSerial.o
                0x0800d55a                HardwareSerial::availableForWrite()
 .text._ZN14HardwareSerial5writeEh
                0x0800d580       0x30 build_ak-base-kit-stm32l151-application/HardwareSerial.o
                0x0800d580                HardwareSerial::write(unsigned char)
 .text._ZL20serial2_trigger_putcv
                0x0800d5b0       0x10 build_ak-base-kit-stm32l151-application/HardwareSerial2.o
 .text.startup._GLOBAL__sub_I_Serial2
                0x0800d5c0       0x34 build_ak-base-kit-stm32l151-application/HardwareSerial2.o
 .text._ZN8SPIClass9io_configEv
                0x0800d5f4       0x68 build_ak-base-kit-stm32l151-application/SPI.o
                0x0800d5f4                SPIClass::io_config()
 .text._ZN8SPIClass5beginEv
                0x0800d65c       0xd4 build_ak-base-kit-stm32l151-application/SPI.o
                0x0800d65c                SPIClass::begin()
 .text.startup._GLOBAL__sub_I__ZN8SPIClassC2Ev
                0x0800d730       0x14 build_ak-base-kit-stm32l151-application/SPI.o
 .text._ZN7TwoWire9availableEv
                0x0800d744       0x14 build_ak-base-kit-stm32l151-application/Wire.o
                0x0800d744                TwoWire::available()
 .text._ZN7TwoWire4readEv
                0x0800d758       0x28 build_ak-base-kit-stm32l151-application/Wire.o
                0x0800d758                TwoWire::read()
 .text._ZN7TwoWire4peekEv
                0x0800d780       0x24 build_ak-base-kit-stm32l151-application/Wire.o
                0x0800d780                TwoWire::peek()
 .text._ZN7TwoWire5flushEv
                0x0800d7a4        0x2 build_ak-base-kit-stm32l151-application/Wire.o
                0x0800d7a4                TwoWire::flush()
 *fill*         0x0800d7a6        0x2 
 .text._ZN7TwoWire5writeEh
                0x0800d7a8       0x54 build_ak-base-kit-stm32l151-application/Wire.o
                0x0800d7a8                TwoWire::write(unsigned char)
 .text._ZN7TwoWire5writeEPKhj
                0x0800d7fc       0x34 build_ak-base-kit-stm32l151-application/Wire.o
                0x0800d7fc                TwoWire::write(unsigned char const*, unsigned int)
 .text.startup._GLOBAL__sub_I__ZN7TwoWire8rxBufferE
                0x0800d830       0x1c build_ak-base-kit-stm32l151-application/Wire.o
 .text._Z12twi_transmitPKhh
                0x0800d84c       0x40 build_ak-base-kit-stm32l151-application/twi.o
                0x0800d84c                twi_transmit(unsigned char const*, unsigned char)
 .text.__cxa_pure_virtual
                0x0800d88c       0x1c build_ak-base-kit-stm32l151-application/mini_cpp.o
                0x0800d88c                __cxa_pure_virtual
 .text._sbrk    0x0800d8a8       0x1c build_ak-base-kit-stm32l151-application/mini_cpp.o
                0x0800d8a8                _sbrk
 *(.rodata)
 .rodata        0x0800d8c4      0x101 /usr/lib/arm-none-eabi/newlib/thumb/v7-m/nofp/libc.a(libc_a-ctype_.o)
                0x0800d8c4                _ctype_
 *(.rodata*)
 .rodata.task_create.str1.1
                0x0800d9c5     0x1609 build_ak-base-kit-stm32l151-application/task.o
                                  0x3 (size before relaxing)
 .rodata.task_run.str1.1
                0x0800efce        0x0 build_ak-base-kit-stm32l151-application/task.o
                                 0x25 (size before relaxing)
 .rodata.timer_set.str1.1
                0x0800efce        0x0 build_ak-base-kit-stm32l151-application/timer.o
                                  0x3 (size before relaxing)
 .rodata.msg_force_free.str1.1
                0x0800efce        0x0 build_ak-base-kit-stm32l151-application/message.o
                                  0x3 (size before relaxing)
 .rodata.ak_malloc.str1.1
                0x0800efce        0x0 build_ak-base-kit-stm32l151-application/message.o
                                  0xa (size before relaxing)
 .rodata.fifo_put.str1.1
                0x0800efce        0x0 build_ak-base-kit-stm32l151-application/fifo.o
                                  0x5 (size before relaxing)
 .rodata.xvfprintf.str1.1
                0x0800efce        0x0 build_ak-base-kit-stm32l151-application/xprintf.o
                                  0xc (size before relaxing)
 *fill*         0x0800efce        0x2 
 .rodata.buzzer_music_table
                0x0800efd0       0xa8 build_ak-base-kit-stm32l151-application/buzzer.o
 .rodata.sTone7
                0x0800f078       0xdc build_ak-base-kit-stm32l151-application/buzzer_music.o
                0x0800f078                sTone7
 .rodata.sTone6
                0x0800f154        0x8 build_ak-base-kit-stm32l151-application/buzzer_music.o
                0x0800f154                sTone6
 .rodata.sTone5
                0x0800f15c        0x8 build_ak-base-kit-stm32l151-application/buzzer_music.o
                0x0800f15c                sTone5
 .rodata.sTone4
                0x0800f164        0x8 build_ak-base-kit-stm32l151-application/buzzer_music.o
                0x0800f164                sTone4
 .rodata.sTone3
                0x0800f16c       0x1c build_ak-base-kit-stm32l151-application/buzzer_music.o
                0x0800f16c                sTone3
 .rodata.sTone2
                0x0800f188       0x24 build_ak-base-kit-stm32l151-application/buzzer_music.o
                0x0800f188                sTone2
 .rodata.sTone1
                0x0800f1ac        0x8 build_ak-base-kit-stm32l151-application/buzzer_music.o
                0x0800f1ac                sTone1
 .rodata.tones_merry_christmas
                0x0800f1b4       0xd0 build_ak-base-kit-stm32l151-application/buzzer_music.o
                0x0800f1b4                tones_merry_christmas
 .rodata.tones_supper_mario_bros
                0x0800f284      0x104 build_ak-base-kit-stm32l151-application/buzzer_music.o
                0x0800f284                tones_supper_mario_bros
 .rodata.tones_lowscore
                0x0800f388       0x14 build_ak-base-kit-stm32l151-application/buzzer_music.o
                0x0800f388                tones_lowscore
 .rodata.tones_highscore
                0x0800f39c       0x20 build_ak-base-kit-stm32l151-application/buzzer_music.o
                0x0800f39c                tones_highscore
 .rodata.tones_goodbye
                0x0800f3bc       0x14 build_ak-base-kit-stm32l151-application/buzzer_music.o
                0x0800f3bc                tones_goodbye
 .rodata.tones_welcome
                0x0800f3d0       0x14 build_ak-base-kit-stm32l151-application/buzzer_music.o
                0x0800f3d0                tones_welcome
 .rodata.tones_3beep
                0x0800f3e4       0x18 build_ak-base-kit-stm32l151-application/buzzer_music.o
                0x0800f3e4                tones_3beep
 .rodata.tones_startup
                0x0800f3fc       0x28 build_ak-base-kit-stm32l151-application/buzzer_music.o
                0x0800f3fc                tones_startup
 .rodata.tones_lets_go
                0x0800f424       0x28 build_ak-base-kit-stm32l151-application/buzzer_music.o
                0x0800f424                tones_lets_go
 .rodata.tones_usb_disconnected
                0x0800f44c       0x10 build_ak-base-kit-stm32l151-application/buzzer_music.o
                0x0800f44c                tones_usb_disconnected
 .rodata.tones_usb_connected
                0x0800f45c       0x10 build_ak-base-kit-stm32l151-application/buzzer_music.o
                0x0800f45c                tones_usb_connected
 .rodata.tones_bang
                0x0800f46c        0xc build_ak-base-kit-stm32l151-application/buzzer_music.o
                0x0800f46c                tones_bang
 .rodata.tones_click
                0x0800f478        0x8 build_ak-base-kit-stm32l151-application/buzzer_music.o
                0x0800f478                tones_click
 .rodata.sys_dbg_cpu_dump.str1.1
                0x0800f480        0x0 build_ak-base-kit-stm32l151-application/sys_dbg.o
                                 0x5f (size before relaxing)
 .rodata.sys_dbg_stack_space_dump.str1.1
                0x0800f480        0x0 build_ak-base-kit-stm32l151-application/sys_dbg.o
                                 0x2f (size before relaxing)
 .rodata.sys_dbg_fatal.str1.1
                0x0800f480        0x0 build_ak-base-kit-stm32l151-application/sys_dbg.o
                                0x261 (size before relaxing)
 .rodata.CSWTCH.8
                0x0800f480        0xb build_ak-base-kit-stm32l151-application/mbutils.o
 .rodata.aucCRCLo
                0x0800f48b      0x100 build_ak-base-kit-stm32l151-application/mbmcrc.o
 .rodata.aucCRCHi
                0x0800f58b      0x100 build_ak-base-kit-stm32l151-application/mbmcrc.o
 .rodata.vMBPAssert.str1.1
                0x0800f68b        0x0 build_ak-base-kit-stm32l151-application/mbportother.o
                                  0x3 (size before relaxing)
 .rodata.APBAHBPrescTable
                0x0800f68b       0x10 build_ak-base-kit-stm32l151-application/stm32l1xx_rcc.o
 .rodata.PLLMulTable
                0x0800f69b        0x9 build_ak-base-kit-stm32l151-application/stm32l1xx_rcc.o
 .rodata.exit_critical.str1.1
                0x0800f6a4        0x0 build_ak-base-kit-stm32l151-application/platform.o
                                  0x4 (size before relaxing)
 .rodata.default_handler.str1.1
                0x0800f6a4        0x0 build_ak-base-kit-stm32l151-application/system.o
                                  0x3 (size before relaxing)
 .rodata.sys_cfg_update_info.str1.1
                0x0800f6a4        0x0 build_ak-base-kit-stm32l151-application/sys_cfg.o
                                 0x64 (size before relaxing)
 .rodata.sys_ctrl_soft_watchdog_increase_counter.str1.1
                0x0800f6a4        0x0 build_ak-base-kit-stm32l151-application/sys_cfg.o
                                  0x5 (size before relaxing)
 .rodata.flash_transfer.str1.1
                0x0800f6a4        0x0 build_ak-base-kit-stm32l151-application/io_cfg.o
                                  0x4 (size before relaxing)
 .rodata.AHBPrescTable
                0x0800f6a4       0x10 build_ak-base-kit-stm32l151-application/system_stm32l1xx.o
                0x0800f6a4                AHBPrescTable
 .rodata.PLLMulTable
                0x0800f6b4        0x9 build_ak-base-kit-stm32l151-application/system_stm32l1xx.o
                0x0800f6b4                PLLMulTable
 .rodata._Z16view_scr_game_uiv.str1.1
                0x0800f6bd        0x0 build_ak-base-kit-stm32l151-application/scr_game_ui.o
                                 0x14 (size before relaxing)
 .rodata._ZL13bmp_explosion
                0x0800f6bd        0x8 build_ak-base-kit-stm32l151-application/scr_game_ui.o
 .rodata._ZL11icon_enemy1
                0x0800f6c5        0x8 build_ak-base-kit-stm32l151-application/scr_game_ui.o
 .rodata._ZL11icon_player
                0x0800f6cd        0x8 build_ak-base-kit-stm32l151-application/scr_game_ui.o
 .rodata._ZL16view_scr_startupv.str1.1
                0x0800f6d5        0x0 build_ak-base-kit-stm32l151-application/scr_startup.o
                                 0x49 (size before relaxing)
 .rodata._Z18scr_startup_handleP8ak_msg_t.str1.1
                0x0800f6d5        0x0 build_ak-base-kit-stm32l151-application/scr_startup.o
                                 0x7b (size before relaxing)
 .rodata._Z11task_systemP8ak_msg_t.str1.1
                0x0800f6d5        0x0 build_ak-base-kit-stm32l151-application/task_system.o
                                 0x23 (size before relaxing)
 .rodata.main_app.str1.1
                0x0800f6d5        0x0 build_ak-base-kit-stm32l151-application/app.o
                                0x27a (size before relaxing)
 .rodata._Z20task_polling_consolev.str1.1
                0x0800f6d5        0x0 build_ak-base-kit-stm32l151-application/app.o
                                 0x31 (size before relaxing)
 *fill*         0x0800f6d5        0x3 
 .rodata.app_info
                0x0800f6d8        0x8 build_ak-base-kit-stm32l151-application/app.o
                0x0800f6d8                app_info
 .rodata._Z17btn_mode_callbackPv.str1.1