Archive member included to satisfy reference by file (symbol)

/usr/lib/arm-none-eabi/newlib/thumb/v7-m/nofp/libc.a(libc_a-strncmp.o)
                              build_space-shooter-game-application/WString.o (strncmp)
/usr/lib/arm-none-eabi/newlib/thumb/v7-m/nofp/libc.a(libc_a-strchr.o)
                              build_space-shooter-game-application/WString.o (strchr)
/usr/lib/arm-none-eabi/newlib/thumb/v7-m/nofp/libc.a(libc_a-tolower.o)
                              build_space-shooter-game-application/WString.o (tolower)
/usr/lib/arm-none-eabi/newlib/thumb/v7-m/nofp/libc.a(libc_a-rand.o)
                              build_space-shooter-game-application/WMath.o (srand)
/usr/lib/arm-none-eabi/newlib/thumb/v7-m/nofp/libc.a(libc_a-memcpy.o)
                              build_space-shooter-game-application/message.o (memcpy)
/usr/lib/arm-none-eabi/newlib/thumb/v7-m/nofp/libc.a(libc_a-memmove.o)
                              build_space-shooter-game-application/WString.o (memmove)
/usr/lib/arm-none-eabi/newlib/thumb/v7-m/nofp/libc.a(libc_a-atol.o)
                              build_space-shooter-game-application/WString.o (atol)
/usr/lib/arm-none-eabi/newlib/thumb/v7-m/nofp/libc.a(libc_a-atof.o)
                              build_space-shooter-game-application/WString.o (atof)
/usr/lib/arm-none-eabi/newlib/thumb/v7-m/nofp/libc.a(libc_a-strtod.o)
                              /usr/lib/arm-none-eabi/newlib/thumb/v7-m/nofp/libc.a(libc_a-atof.o) (strtod)
/usr/lib/arm-none-eabi/newlib/thumb/v7-m/nofp/libc.a(libc_a-strcat.o)
                              build_space-shooter-game-application/dtostrf.o (strcat)
/usr/lib/arm-none-eabi/newlib/thumb/v7-m/nofp/libc.a(libc_a-gdtoa-gethex.o)
                              /usr/lib/arm-none-eabi/newlib/thumb/v7-m/nofp/libc.a(libc_a-strtod.o) (__gethex)
/usr/lib/arm-none-eabi/newlib/thumb/v7-m/nofp/libc.a(libc_a-memcmp.o)
                              build_space-shooter-game-application/mbmfuncfiles.o (memcmp)
/usr/lib/arm-none-eabi/newlib/thumb/v7-m/nofp/libc.a(libc_a-errno.o)
                              /usr/lib/arm-none-eabi/newlib/thumb/v7-m/nofp/libc.a(libc_a-strtod.o) (__errno)
/usr/lib/arm-none-eabi/newlib/thumb/v7-m/nofp/libc.a(libc_a-strlen-stub.o)
                              build_space-shooter-game-application/xprintf.o (strlen)
/usr/lib/arm-none-eabi/newlib/thumb/v7-m/nofp/libc.a(libc_a-strrchr.o)
                              build_space-shooter-game-application/WString.o (strrchr)
/usr/lib/arm-none-eabi/newlib/thumb/v7-m/nofp/libc.a(libc_a-realloc.o)
                              build_space-shooter-game-application/WString.o (realloc)
/usr/lib/arm-none-eabi/newlib/thumb/v7-m/nofp/libc.a(libc_a-strcpy.o)
                              build_space-shooter-game-application/sys_dbg.o (strcpy)
/usr/lib/arm-none-eabi/newlib/thumb/v7-m/nofp/libc.a(libc_a-strtol.o)
                              /usr/lib/arm-none-eabi/newlib/thumb/v7-m/nofp/libc.a(libc_a-atol.o) (_strtol_r)
/usr/lib/arm-none-eabi/newlib/thumb/v7-m/nofp/libc.a(libc_a-isspace.o)
                              build_space-shooter-game-application/WString.o (isspace)
/usr/lib/arm-none-eabi/newlib/thumb/v7-m/nofp/libc.a(libc_a-malloc.o)
                              build_space-shooter-game-application/message.o (malloc)
/usr/lib/arm-none-eabi/newlib/thumb/v7-m/nofp/libc.a(libc_a-ctype_.o)
                              /usr/lib/arm-none-eabi/newlib/thumb/v7-m/nofp/libc.a(libc_a-tolower.o) (_ctype_)
/usr/lib/arm-none-eabi/newlib/thumb/v7-m/nofp/libc.a(libc_a-strstr.o)
                              build_space-shooter-game-application/WString.o (strstr)
/usr/lib/arm-none-eabi/newlib/thumb/v7-m/nofp/libc.a(libc_a-memset.o)
                              build_space-shooter-game-application/task.o (memset)
/usr/lib/arm-none-eabi/newlib/thumb/v7-m/nofp/libc.a(libc_a-reallocr.o)
                              /usr/lib/arm-none-eabi/newlib/thumb/v7-m/nofp/libc.a(libc_a-realloc.o) (_realloc_r)
/usr/lib/arm-none-eabi/newlib/thumb/v7-m/nofp/libc.a(libc_a-impure.o)
                              /usr/lib/arm-none-eabi/newlib/thumb/v7-m/nofp/libc.a(libc_a-rand.o) (_impure_ptr)
/usr/lib/arm-none-eabi/newlib/thumb/v7-m/nofp/libc.a(libc_a-mlock.o)
                              /usr/lib/arm-none-eabi/newlib/thumb/v7-m/nofp/libc.a(libc_a-reallocr.o) (__malloc_lock)
/usr/lib/arm-none-eabi/newlib/thumb/v7-m/nofp/libc.a(libc_a-strcmp.o)
                              build_space-shooter-game-application/cmd_line.o (strcmp)
/usr/lib/arm-none-eabi/newlib/thumb/v7-m/nofp/libc.a(libc_a-strncpy.o)
                              build_space-shooter-game-application/WString.o (strncpy)
/usr/lib/arm-none-eabi/newlib/thumb/v7-m/nofp/libc.a(libc_a-toupper.o)
                              build_space-shooter-game-application/WString.o (toupper)
/usr/lib/arm-none-eabi/newlib/thumb/v7-m/nofp/libc.a(libc_a-gdtoa-hexnan.o)
                              /usr/lib/arm-none-eabi/newlib/thumb/v7-m/nofp/libc.a(libc_a-strtod.o) (__match)
[...]
Memory Configuration

Name             Origin             Length             Attributes
BSF              0x08002000         0x00001000         xr
FLASH            0x08003000         0x0001d000         xr
SRAM             0x20000000         0x00004000         xrw
*default*        0x00000000         0xffffffff

Linker script and memory map

                0x00000800                        HEAP_SIZE = 0x800

.start_boot_share_data_flash
                0x08002000        0x0
                0x08002000                        _start_boot_share_data_flash = .

.start_flash    0x08003000        0x0
                0x08003000                        _start_flash = .

.isr_vector     0x08003000       0xf4
                0x08003000                        _isr_vector = .
 *(.isr_vector)
 .isr_vector    0x08003000       0xf4 build_space-shooter-game-application/system.o
                0x08003000                isr_vector
                0x080030f4                        . = ALIGN (0x4)

.text           0x080030f8     0xf568
                0x080030f8                        . = ALIGN (0x4)
 *(.text)
 .text          0x080030f8       0x48 /usr/lib/arm-none-eabi/newlib/thumb/v7-m/nofp/libc.a(libc_a-rand.o)
                0x080030f8                srand
                0x08003108                rand
 .text          0x08003140       0xec /usr/lib/arm-none-eabi/newlib/thumb/v7-m/nofp/libc.a(libc_a-memcpy.o)
                0x08003140                memcpy
 .text          0x0800322c       0x5c /usr/lib/arm-none-eabi/newlib/thumb/v7-m/nofp/libc.a(libc_a-memcmp.o)
                0x0800322c                memcmp
 .text          0x08003288        0xc /usr/lib/arm-none-eabi/newlib/thumb/v7-m/nofp/libc.a(libc_a-errno.o)
                0x08003288                __errno
 .text          0x08003294       0x5c /usr/lib/arm-none-eabi/newlib/thumb/v7-m/nofp/libc.a(libc_a-strlen-stub.o)
                0x08003294                strlen
 .text          0x080032f0       0xbc /usr/lib/arm-none-eabi/newlib/thumb/v7-m/nofp/libc.a(libc_a-strcpy.o)
                0x080032f0                strcpy
 .text          0x080033ac      0x174 /usr/lib/arm-none-eabi/newlib/thumb/v7-m/nofp/libc.a(libc_a-strtol.o)
                0x080034e4                _strtol_r
                0x080034e8                strtol_l
                0x08003504                strtol
 .text          0x08003520       0x20 /usr/lib/arm-none-eabi/newlib/thumb/v7-m/nofp/libc.a(libc_a-malloc.o)
                0x08003520                malloc
                0x08003530                free
 .text          0x08003540       0x9c /usr/lib/arm-none-eabi/newlib/thumb/v7-m/nofp/libc.a(libc_a-memset.o)
                0x08003540                memset
 .text          0x080035dc        0x8 /usr/lib/arm-none-eabi/newlib/thumb/v7-m/nofp/libc.a(libc_a-mlock.o)
                0x080035dc                __malloc_lock
                0x080035e0                __malloc_unlock
 .text          0x080035e4      0x1bc /usr/lib/arm-none-eabi/newlib/thumb/v7-m/nofp/libc.a(libc_a-strcmp.o)
                0x080035e4                strcmp
 .text          0x080037a0      0x570 /usr/lib/arm-none-eabi/newlib/thumb/v7-m/nofp/libc.a(libc_a-mallocr.o)
                0x080037a0                _malloc_r
 .text          0x08003d10       0x24 /usr/lib/arm-none-eabi/newlib/thumb/v7-m/nofp/libc.a(libc_a-sbrkr.o)
                0x08003d10                _sbrk_r
 .text          0x08003d34      0x2a0 /usr/lib/arm-none-eabi/newlib/thumb/v7-m/nofp/libc.a(libc_a-freer.o)
                0x08003d34                _malloc_trim_r
                0x08003dec                _free_r
 .text          0x08003fd4       0x1c /usr/lib/arm-none-eabi/newlib/thumb/v7-m/nofp/libc.a(libc_a-sysconf.o)
                0x08003fd4                sysconf
 .text          0x08003ff0      0x32c /usr/lib/arm-none-eabi/newlib/thumb/v7-m/nofp/libm.a(libm_a-s_atan.o)
                0x08003ff0                atan
 .text          0x0800431c        0x8 /usr/lib/arm-none-eabi/newlib/thumb/v7-m/nofp/libm.a(libm_a-s_fabs.o)
                0x0800431c                fabs
 .text          0x08004324      0x378 /usr/lib/gcc/arm-none-eabi/14.2.1/thumb/v7-m/nofp/libgcc.a(_arm_addsubdf3.o)
                0x08004324                __aeabi_drsub
                0x0800432c                __aeabi_dsub
                0x0800432c                __subdf3
                0x08004330                __adddf3
                0x08004330                __aeabi_dadd
                0x080045a8                __aeabi_ui2d
                0x080045a8                __floatunsidf
                0x080045c8                __floatsidf
                0x080045c8                __aeabi_i2d
                0x080045ec                __extendsfdf2
                0x080045ec                __aeabi_f2d
                0x08004630                __aeabi_ul2d
                0x08004630                __floatundidf
                0x08004640                __floatdidf
                0x08004640                __aeabi_l2d
 .text          0x0800469c      0x424 /usr/lib/gcc/arm-none-eabi/14.2.1/thumb/v7-m/nofp/libgcc.a(_arm_muldivdf3.o)
                0x0800469c                __aeabi_dmul
                0x0800469c                __muldf3
                0x080048f0                __aeabi_ddiv
                0x080048f0                __divdf3
 .text          0x08004ac0      0x110 /usr/lib/gcc/arm-none-eabi/14.2.1/thumb/v7-m/nofp/libgcc.a(_arm_cmpdf2.o)
                0x08004ac0                __gtdf2
                0x08004ac0                __gedf2
                0x08004ac8                __ltdf2
                0x08004ac8                __ledf2
                0x08004ad0                __cmpdf2
                0x08004ad0                __eqdf2
                0x08004ad0                __nedf2
                0x08004b4c                __aeabi_cdrcmple
                0x08004b5c                __aeabi_cdcmple
                0x08004b5c                __aeabi_cdcmpeq
                0x08004b6c                __aeabi_dcmpeq
                0x08004b80                __aeabi_dcmplt
                0x08004b94                __aeabi_dcmple
                0x08004ba8                __aeabi_dcmpge
                0x08004bbc                __aeabi_dcmpgt
 .text          0x08004bd0       0x2c /usr/lib/gcc/arm-none-eabi/14.2.1/thumb/v7-m/nofp/libgcc.a(_arm_unorddf2.o)
                0x08004bd0                __aeabi_dcmpun
                0x08004bd0                __unorddf2
 .text          0x08004bfc       0x50 /usr/lib/gcc/arm-none-eabi/14.2.1/thumb/v7-m/nofp/libgcc.a(_arm_fixdfsi.o)
                0x08004bfc                __fixdfsi
                0x08004bfc                __aeabi_d2iz
 .text          0x08004c4c       0x40 /usr/lib/gcc/arm-none-eabi/14.2.1/thumb/v7-m/nofp/libgcc.a(_arm_fixunsdfsi.o)
                0x08004c4c                __fixunsdfsi
                0x08004c4c                __aeabi_d2uiz
 .text          0x08004c8c      0x21c /usr/lib/gcc/arm-none-eabi/14.2.1/thumb/v7-m/nofp/libgcc.a(_arm_addsubsf3.o)
                0x08004c8c                __aeabi_frsub
                0x08004c94                __subsf3
                0x08004c94                __aeabi_fsub
                0x08004c98                __aeabi_fadd
                0x08004c98                __addsf3
                0x08004df8                __aeabi_ui2f
                0x08004df8                __floatunsisf
                0x08004e00                __aeabi_i2f
                0x08004e00                __floatsisf
                0x08004e1c                __floatundisf
                0x08004e1c                __aeabi_ul2f
                0x08004e2c                __floatdisf
                0x08004e2c                __aeabi_l2f
 .text          0x08004ea8       0x30 /usr/lib/gcc/arm-none-eabi/14.2.1/thumb/v7-m/nofp/libgcc.a(_aeabi_uldivmod.o)
                0x08004ea8                __aeabi_uldivmod
 .text          0x08004ed8      0x2f4 /usr/lib/gcc/arm-none-eabi/14.2.1/thumb/v7-m/nofp/libgcc.a(_udivmoddi4.o)
                0x08004ed8                __udivmoddi4
 .text          0x080051cc        0x4 /usr/lib/gcc/arm-none-eabi/14.2.1/thumb/v7-m/nofp/libgcc.a(_dvmd_tls.o)
                0x080051cc                __aeabi_ldiv0
                0x080051cc                __aeabi_idiv0
 *(.text*)
 .text.fsm_dispatch
                0x080051d0        0x6 build_space-shooter-game-application/fsm.o
                0x080051d0                fsm_dispatch
 *fill*         0x080051d6        0x2 
 .text.task_create
                0x080051d8       0x40 build_space-shooter-game-application/task.o
                0x080051d8                task_create
 .text.task_polling_create
                0x08005218       0x34 build_space-shooter-game-application/task.o
                0x08005218                task_polling_create
 .text.task_post
                0x0800524c       0x84 build_space-shooter-game-application/task.o
                0x0800524c                task_post
 .text.task_remove_msg
                0x080052d0       0xc0 build_space-shooter-game-application/task.o
                0x080052d0                task_remove_msg
 .text.task_post_pure_msg
                0x08005390       0x18 build_space-shooter-game-application/task.o
                0x08005390                task_post_pure_msg
 .text.task_post_common_msg
                0x080053a8       0x2a build_space-shooter-game-application/task.o
                0x080053a8                task_post_common_msg
 *fill*         0x080053d2        0x2 
 .text.task_entry_interrupt
                0x080053d4       0x1c build_space-shooter-game-application/task.o
                0x080053d4                task_entry_interrupt
 .text.task_exit_interrupt
                0x080053f0       0x24 build_space-shooter-game-application/task.o
                0x080053f0                task_exit_interrupt
 .text.task_init
                0x08005414       0x40 build_space-shooter-game-application/task.o
                0x08005414                task_init
 .text.task_polling_run
                0x08005454       0x34 build_space-shooter-game-application/task.o
                0x08005454                task_polling_run
 .text.task_run
                0x08005488      0x138 build_space-shooter-game-application/task.o
                0x08005488                task_run
 .text.get_current_task_id
                0x080055c0        0xc build_space-shooter-game-application/task.o
                0x080055c0                get_current_task_id
 .text.get_current_task_info
                0x080055cc        0x8 build_space-shooter-game-application/task.o
                0x080055cc                get_current_task_info
 .text.get_current_active_object
                0x080055d4        0x8 build_space-shooter-game-application/task.o
                0x080055d4                get_current_active_object
 .text.timer_remove_msg
                0x080055dc       0x64 build_space-shooter-game-application/timer.o
 .text.task_timer_tick
                0x08005640       0x7c build_space-shooter-game-application/timer.o
                0x08005640                task_timer_tick
 .text.timer_init
                0x080056bc       0x6c build_space-shooter-game-application/timer.o
                0x080056bc                timer_init
 .text.timer_tick
                0x08005728       0x38 build_space-shooter-game-application/timer.o
                0x08005728                timer_tick
 .text.timer_set
                0x08005760       0x9c build_space-shooter-game-application/timer.o
                0x08005760                timer_set
 .text.timer_remove_attr
                0x080057fc       0x18 build_space-shooter-game-application/timer.o
                0x080057fc                timer_remove_attr
 .text.free_common_msg
                0x08005814       0x28 build_space-shooter-game-application/message.o
 .text.free_pure_msg
                0x0800583c       0x28 build_space-shooter-game-application/message.o
 .text.free_dynamic_msg
                0x08005864       0x30 build_space-shooter-game-application/message.o
 .text.msg_init
                0x08005894      0x100 build_space-shooter-game-application/message.o
                0x08005894                msg_init
 .text.msg_force_free
                0x08005994       0x44 build_space-shooter-game-application/message.o
                0x08005994                msg_force_free
 .text.msg_inc_ref_count
                0x080059d8       0x2c build_space-shooter-game-application/message.o
                0x080059d8                msg_inc_ref_count
 .text.msg_dec_ref_count
                0x08005a04       0x28 build_space-shooter-game-application/message.o
                0x08005a04                msg_dec_ref_count
 .text.msg_free
                0x08005a2c       0x58 build_space-shooter-game-application/message.o
                0x08005a2c                msg_free
 .text.ak_malloc
                0x08005a84       0x50 build_space-shooter-game-application/message.o
                0x08005a84                ak_malloc
 .text.get_pure_msg
                0x08005ad4       0x5c build_space-shooter-game-application/message.o
                0x08005ad4                get_pure_msg
 .text.get_common_msg
                0x08005b30       0x60 build_space-shooter-game-application/message.o
                0x08005b30                get_common_msg
 .text.set_data_common_msg
                0x08005b90       0x4c build_space-shooter-game-application/message.o
                0x08005b90                set_data_common_msg
 .text.get_data_common_msg
                0x08005bdc       0x28 build_space-shooter-game-application/message.o
                0x08005bdc                get_data_common_msg
 .text.get_data_len_common_msg
                0x08005c04       0x28 build_space-shooter-game-application/message.o
                0x08005c04                get_data_len_common_msg
 .text.get_dynamic_msg
                0x08005c2c       0x64 build_space-shooter-game-application/message.o
                0x08005c2c                get_dynamic_msg
 .text.set_data_dynamic_msg
                0x08005c90       0x3c build_space-shooter-game-application/message.o
                0x08005c90                set_data_dynamic_msg
 .text.get_data_dynamic_msg
                0x08005ccc       0x28 build_space-shooter-game-application/message.o
                0x08005ccc                get_data_dynamic_msg
 .text.get_data_len_dynamic_msg
                0x08005cf4        0x4 build_space-shooter-game-application/message.o
                0x08005cf4                get_data_len_dynamic_msg
 .text.log_queue_init
                0x08005cf8       0x2e build_space-shooter-game-application/log_queue.o
                0x08005cf8                log_queue_init
 .text.log_queue_len
                0x08005d26        0x4 build_space-shooter-game-application/log_queue.o
                0x08005d26                log_queue_len
 .text.log_queue_put
                0x08005d2a       0x5c build_space-shooter-game-application/log_queue.o
                0x08005d2a                log_queue_put
 .text.log_queue_get
                0x08005d86       0x30 build_space-shooter-game-application/log_queue.o
                0x08005d86                log_queue_get
 .text.fifo_init
                0x08005db6       0x12 build_space-shooter-game-application/fifo.o
                0x08005db6                fifo_init
 .text.fifo_availble
                0x08005dc8        0x4 build_space-shooter-game-application/fifo.o
                0x08005dc8                fifo_availble
 .text.fifo_is_full
                0x08005dcc        0xc build_space-shooter-game-application/fifo.o
                0x08005dcc                fifo_is_full
 .text.fifo_put
                0x08005dd8       0x54 build_space-shooter-game-application/fifo.o
                0x08005dd8                fifo_put
 .text.fifo_get
                0x08005e2c       0x50 build_space-shooter-game-application/fifo.o
                0x08005e2c                fifo_get
 .text.ring_buffer_char_init
                0x08005e7c        0xc build_space-shooter-game-application/ring_buffer.o
                0x08005e7c                ring_buffer_char_init
 .text.ring_buffer_char_is_empty
                0x08005e88        0xa build_space-shooter-game-application/ring_buffer.o
                0x08005e88                ring_buffer_char_is_empty
 .text.ring_buffer_char_put
                0x08005e92       0x36 build_space-shooter-game-application/ring_buffer.o
                0x08005e92                ring_buffer_char_put
 .text.ring_buffer_char_get
                0x08005ec8       0x28 build_space-shooter-game-application/ring_buffer.o
                0x08005ec8                ring_buffer_char_get
 .text.mem_read
                0x08005ef0       0x18 build_space-shooter-game-application/utils.o
                0x08005ef0                mem_read
 .text.mem_write
                0x08005f08       0x1a build_space-shooter-game-application/utils.o
                0x08005f08                mem_write
 *fill*         0x08005f22        0x6 
 .text.ilog10   0x08005f28       0xd8 build_space-shooter-game-application/xprintf.o
 .text.i10x     0x08006000       0x78 build_space-shooter-game-application/xprintf.o
 .text.xfputc   0x08006078       0x30 build_space-shooter-game-application/xprintf.o
                0x08006078                xfputc
 .text.xputc    0x080060a8       0x10 build_space-shooter-game-application/xprintf.o
                0x080060a8                xputc
 .text.xvfprintf
                0x080060b8      0x590 build_space-shooter-game-application/xprintf.o
 .text.xprintf  0x08006648       0x24 build_space-shooter-game-application/xprintf.o
                0x08006648                xprintf
 .text.xsprintf
                0x0800666c       0x2c build_space-shooter-game-application/xprintf.o
                0x0800666c                xsprintf
 .text.cmd_line_parser
                0x08006698       0x74 build_space-shooter-game-application/cmd_line.o
                0x08006698                cmd_line_parser
 .text.button_init
                0x0800670c       0x34 build_space-shooter-game-application/button.o
                0x0800670c                button_init
 .text.button_enable
                0x08006740        0x6 build_space-shooter-game-application/button.o
                0x08006740                button_enable
 .text.button_timer_polling
                0x08006746       0x76 build_space-shooter-game-application/button.o
                0x08006746                button_timer_polling
 .text.flash_wait_to_idle
                0x080067bc       0x32 build_space-shooter-game-application/flash.o
 .text.flash_set_write_enable.constprop.0
                0x080067ee       0x14 build_space-shooter-game-application/flash.o
 .text.flash_is_connected
                0x08006802       0x22 build_space-shooter-game-application/flash.o
                0x08006802                flash_is_connected
 .text.flash_read
                0x08006824       0x5a build_space-shooter-game-application/flash.o
                0x08006824                flash_read
 .text.flash_write
                0x0800687e       0x68 build_space-shooter-game-application/flash.o
                0x0800687e                flash_write
 .text.flash_erase_sector
                0x080068e6       0x48 build_space-shooter-game-application/flash.o
                0x080068e6                flash_erase_sector
 .text.flash_erase_block_64k
                0x0800692e       0x46 build_space-shooter-game-application/flash.o
                0x0800692e                flash_erase_block_64k
 .text.led_init
                0x08006974       0x20 build_space-shooter-game-application/led.o
                0x08006974                led_init
 .text.led_on   0x08006994        0xc build_space-shooter-game-application/led.o
                0x08006994                led_on
 .text.led_off  0x080069a0        0xc build_space-shooter-game-application/led.o
                0x080069a0                led_off
 .text.led_toggle
                0x080069ac       0x12 build_space-shooter-game-application/led.o
                0x080069ac                led_toggle
 *fill*         0x080069be        0x2 
 .text.BUZZER_Init
                0x080069c0       0xd0 build_space-shooter-game-application/buzzer.o
                0x080069c0                BUZZER_Init
 .text.BUZZER_Disable
                0x08006a90       0x38 build_space-shooter-game-application/buzzer.o
                0x08006a90                BUZZER_Disable
 .text.BUZZER_Enable
                0x08006ac8       0x84 build_space-shooter-game-application/buzzer.o
                0x08006ac8                BUZZER_Enable
 .text.buzzer_irq
                0x08006b4c       0x98 build_space-shooter-game-application/buzzer.o
                0x08006b4c                buzzer_irq
 .text.BUZZER_PlaySound
                0x08006be4       0x3c build_space-shooter-game-application/buzzer.o
                0x08006be4                BUZZER_PlaySound
 .text.sys_dbg_cpu_dump
                0x08006c20       0x4c build_space-shooter-game-application/sys_dbg.o
                0x08006c20                sys_dbg_cpu_dump
 .text.sys_dbg_stack_space_dump
                0x08006c6c       0x30 build_space-shooter-game-application/sys_dbg.o
                0x08006c6c                sys_dbg_stack_space_dump
 .text.sys_dbg_fatal
                0x08006c9c      0x3ac build_space-shooter-game-application/sys_dbg.o
                0x08006c9c                sys_dbg_fatal
 .text.sys_boot_init
                0x08007048       0x14 build_space-shooter-game-application/sys_boot.o
                0x08007048                sys_boot_init
 .text.sys_boot_get
                0x0800705c        0xc build_space-shooter-game-application/sys_boot.o
                0x0800705c                sys_boot_get
 .text.sys_boot_set
                0x08007068       0x30 build_space-shooter-game-application/sys_boot.o
                0x08007068                sys_boot_set
 .text.eMBExceptionToErrorcode
                0x08007098       0x14 build_space-shooter-game-application/mbutils.o
                0x08007098                eMBExceptionToErrorcode
 .text.eMBMReleaseHdl
                0x080070ac       0x58 build_space-shooter-game-application/mbm.o
 .text.bMBMResponseTimeoutCB
                0x08007104       0x18 build_space-shooter-game-application/mbm.o
 .text.bMBMIsHdlValid
                0x0800711c       0x18 build_space-shooter-game-application/mbm.o
                0x0800711c                bMBMIsHdlValid
 .text.vMBMMasterTransactionPolled
                0x08007134       0xae build_space-shooter-game-application/mbm.o
                0x08007134                vMBMMasterTransactionPolled
 *fill*         0x080071e2        0x2 
 .text.eMBMSerialInitExt
                0x080071e4       0xbc build_space-shooter-game-application/mbm.o
                0x080071e4                eMBMSerialInitExt
 .text.usMBMCRC16
                0x080072a0       0x2c build_space-shooter-game-application/mbmcrc.o
                0x080072a0                usMBMCRC16
 .text.bMBMSerialWaitCB
                0x080072cc       0x3c build_space-shooter-game-application/mbmrtu.o
 .text.bMBMSerialRTUT35CB
                0x08007308       0x58 build_space-shooter-game-application/mbmrtu.o
 .text.bMBMSerialRTUTransmitterEmptyAPIV1CB
                0x08007360       0xae build_space-shooter-game-application/mbmrtu.o
 .text.bMBMSerialRTUReceiverAPIV1CB
                0x0800740e       0xa0 build_space-shooter-game-application/mbmrtu.o
 *fill*         0x080074ae        0x2 
 .text.eMBMSerialRTUFrameCloseInternal
                0x080074b0       0x8c build_space-shooter-game-application/mbmrtu.o
 .text.eMBMSerialRTUFrameReceive
                0x0800753c       0xc4 build_space-shooter-game-application/mbmrtu.o
 .text.eMBMSerialRTUFrameSend
                0x08007600       0xd0 build_space-shooter-game-application/mbmrtu.o
 .text.eMBMSerialRTUFrameClose
                0x080076d0       0x18 build_space-shooter-game-application/mbmrtu.o
 .text.eMBMSerialRTUInit
                0x080076e8      0x118 build_space-shooter-game-application/mbmrtu.o
                0x080076e8                eMBMSerialRTUInit
 .text.vMBMReadHoldingRegistersPolled
                0x08007800      0x14c build_space-shooter-game-application/mbmfuncholding.o
                0x08007800                vMBMReadHoldingRegistersPolled
 .text.eMBMReadHoldingRegisters
                0x0800794c       0x42 build_space-shooter-game-application/mbmfuncholding.o
                0x0800794c                eMBMReadHoldingRegisters
 *fill*         0x0800798e        0x2 
 .text.vMBMReadCoilsPolled
                0x08007990      0x128 build_space-shooter-game-application/mbmfunccoils.o
                0x08007990                vMBMReadCoilsPolled
 .text.eMBMReadCoils
                0x08007ab8       0x42 build_space-shooter-game-application/mbmfunccoils.o
                0x08007ab8                eMBMReadCoils
 *fill*         0x08007afa        0x2 
 .text.vMBMReadDiscreteInputsPolled
                0x08007afc      0x124 build_space-shooter-game-application/mbmfuncdisc.o
                0x08007afc                vMBMReadDiscreteInputsPolled
 .text.eMBMReadDiscreteInputs
                0x08007c20       0x42 build_space-shooter-game-application/mbmfuncdisc.o
                0x08007c20                eMBMReadDiscreteInputs
 *fill*         0x08007c62        0x2 
 .text.vMBMReadInputRegistersPolled
                0x08007c64      0x134 build_space-shooter-game-application/mbmfuncinput.o
                0x08007c64                vMBMReadInputRegistersPolled
 .text.eMBMReadInputRegisters
                0x08007d98       0x42 build_space-shooter-game-application/mbmfuncinput.o
                0x08007d98                eMBMReadInputRegisters
 *fill*         0x08007dda        0x2 
 .text.eMBPEventCreate
                0x08007ddc       0x58 build_space-shooter-game-application/mbportevent.o
                0x08007ddc                eMBPEventCreate
 .text.eMBPEventPost
                0x08007e34       0x2c build_space-shooter-game-application/mbportevent.o
                0x08007e34                eMBPEventPost
 .text.bMBPEventGet
                0x08007e60       0x34 build_space-shooter-game-application/mbportevent.o
                0x08007e60                bMBPEventGet
 .text.vMBPEventDelete
                0x08007e94       0x2c build_space-shooter-game-application/mbportevent.o
                0x08007e94                vMBPEventDelete
 .text.vMBPAssert
                0x08007ec0       0x1c build_space-shooter-game-application/mbportother.o
                0x08007ec0                vMBPAssert
 .text.vMBPEnterCritical
                0x08007edc        0x4 build_space-shooter-game-application/mbportother.o
                0x08007edc                vMBPEnterCritical
 .text.vMBPExitCritical
                0x08007ee0        0x4 build_space-shooter-game-application/mbportother.o
                0x08007ee0                vMBPExitCritical
 .text.eMBPSerialInit
                0x08007ee4      0x138 build_space-shooter-game-application/mbportserial.o
                0x08007ee4                eMBPSerialInit
 .text.eMBPSerialClose
                0x0800801c       0x58 build_space-shooter-game-application/mbportserial.o
                0x0800801c                eMBPSerialClose
 .text.eMBPSerialTxEnable
                0x08008074       0x6c build_space-shooter-game-application/mbportserial.o
                0x08008074                eMBPSerialTxEnable
 .text.eMBPSerialRxEnable
                0x080080e0       0x58 build_space-shooter-game-application/mbportserial.o
                0x080080e0                eMBPSerialRxEnable
 .text.vMBPUSART2ISR
                0x08008138       0xec build_space-shooter-game-application/mbportserial.o
                0x08008138                vMBPUSART2ISR
 .text.eMBPTimerInit
                0x08008224       0xdc build_space-shooter-game-application/mbporttimer.o
                0x08008224                eMBPTimerInit
 .text.vMBPTimerClose
                0x08008300       0x28 build_space-shooter-game-application/mbporttimer.o
                0x08008300                vMBPTimerClose
 .text.eMBPTimerStart
                0x08008328       0x2c build_space-shooter-game-application/mbporttimer.o
                0x08008328                eMBPTimerStart
 .text.eMBPTimerStop
                0x08008354       0x30 build_space-shooter-game-application/mbporttimer.o
                0x08008354                eMBPTimerStop
 .text.vMBPTimerISR
                0x08008384       0x58 build_space-shooter-game-application/mbporttimer.o
                0x08008384                vMBPTimerISR
 .text.GPIO_Init
                0x080083dc       0x74 build_space-shooter-game-application/stm32l1xx_gpio.o
                0x080083dc                GPIO_Init
 .text.GPIO_ReadInputDataBit
                0x08008450        0xe build_space-shooter-game-application/stm32l1xx_gpio.o
                0x08008450                GPIO_ReadInputDataBit
 .text.GPIO_SetBits
                0x0800845e        0x4 build_space-shooter-game-application/stm32l1xx_gpio.o
                0x0800845e                GPIO_SetBits
 .text.GPIO_ResetBits
                0x08008462        0x4 build_space-shooter-game-application/stm32l1xx_gpio.o
                0x08008462                GPIO_ResetBits
 .text.GPIO_PinAFConfig
                0x08008466       0x24 build_space-shooter-game-application/stm32l1xx_gpio.o
                0x08008466                GPIO_PinAFConfig
 *fill*         0x0800848a        0x2 
 .text.RCC_HSICmd
                0x0800848c        0xc build_space-shooter-game-application/stm32l1xx_rcc.o
                0x0800848c                RCC_HSICmd
 .text.RCC_GetClocksFreq
                0x08008498       0x94 build_space-shooter-game-application/stm32l1xx_rcc.o
                0x08008498                RCC_GetClocksFreq
 .text.RCC_AHBPeriphClockCmd
                0x0800852c       0x18 build_space-shooter-game-application/stm32l1xx_rcc.o
                0x0800852c                RCC_AHBPeriphClockCmd
 .text.RCC_APB2PeriphClockCmd
                0x08008544       0x18 build_space-shooter-game-application/stm32l1xx_rcc.o
                0x08008544                RCC_APB2PeriphClockCmd
 .text.RCC_APB1PeriphClockCmd
                0x0800855c       0x18 build_space-shooter-game-application/stm32l1xx_rcc.o
                0x0800855c                RCC_APB1PeriphClockCmd
 .text.RCC_APB2PeriphResetCmd
                0x08008574       0x18 build_space-shooter-game-application/stm32l1xx_rcc.o
                0x08008574                RCC_APB2PeriphResetCmd
 .text.RCC_APB1PeriphResetCmd
                0x0800858c       0x18 build_space-shooter-game-application/stm32l1xx_rcc.o
                0x0800858c                RCC_APB1PeriphResetCmd
 .text.RCC_GetFlagStatus
                0x080085a4       0x20 build_space-shooter-game-application/stm32l1xx_rcc.o
                0x080085a4                RCC_GetFlagStatus
 .text.USART_DeInit
                0x080085c4       0x9c build_space-shooter-game-application/stm32l1xx_usart.o
                0x080085c4                USART_DeInit
 .text.USART_Init
                0x08008660       0xa4 build_space-shooter-game-application/stm32l1xx_usart.o
                0x08008660                USART_Init
 .text.USART_ClockInit
                0x08008704       0x20 build_space-shooter-game-application/stm32l1xx_usart.o
                0x08008704                USART_ClockInit
 .text.USART_Cmd
                0x08008724       0x18 build_space-shooter-game-application/stm32l1xx_usart.o
                0x08008724                USART_Cmd
 .text.USART_SendData
                0x0800873c        0x8 build_space-shooter-game-application/stm32l1xx_usart.o
                0x0800873c                USART_SendData
 .text.USART_ReceiveData
                0x08008744        0x8 build_space-shooter-game-application/stm32l1xx_usart.o
                0x08008744                USART_ReceiveData
 .text.USART_ITConfig
                0x0800874c       0x32 build_space-shooter-game-application/stm32l1xx_usart.o
                0x0800874c                USART_ITConfig
 .text.USART_GetFlagStatus
                0x0800877e        0xe build_space-shooter-game-application/stm32l1xx_usart.o
                0x0800877e                USART_GetFlagStatus
 .text.USART_GetITStatus
                0x0800878c       0x3c build_space-shooter-game-application/stm32l1xx_usart.o
                0x0800878c                USART_GetITStatus
 .text.USART_ClearITPendingBit
                0x080087c8        0xe build_space-shooter-game-application/stm32l1xx_usart.o
                0x080087c8                USART_ClearITPendingBit
 *fill*         0x080087d6        0x2 
 .text.SPI_I2S_DeInit
                0x080087d8       0x64 build_space-shooter-game-application/stm32l1xx_spi.o
                0x080087d8                SPI_I2S_DeInit
 .text.SPI_Init
                0x0800883c       0x3e build_space-shooter-game-application/stm32l1xx_spi.o
                0x0800883c                SPI_Init
 .text.SPI_Cmd  0x0800887a       0x18 build_space-shooter-game-application/stm32l1xx_spi.o
                0x0800887a                SPI_Cmd
 .text.SPI_I2S_ReceiveData
                0x08008892        0x6 build_space-shooter-game-application/stm32l1xx_spi.o
                0x08008892                SPI_I2S_ReceiveData
 .text.SPI_I2S_SendData
                0x08008898        0x4 build_space-shooter-game-application/stm32l1xx_spi.o
                0x08008898                SPI_I2S_SendData
 .text.SPI_I2S_GetFlagStatus
                0x0800889c        0xe build_space-shooter-game-application/stm32l1xx_spi.o
                0x0800889c                SPI_I2S_GetFlagStatus
 *fill*         0x080088aa        0x2 
 .text.NVIC_PriorityGroupConfig
                0x080088ac       0x14 build_space-shooter-game-application/misc.o
                0x080088ac                NVIC_PriorityGroupConfig
 .text.NVIC_Init
                0x080088c0       0x58 build_space-shooter-game-application/misc.o
                0x080088c0                NVIC_Init
 .text.EXTI_GetFlagStatus
                0x08008918       0x14 build_space-shooter-game-application/stm32l1xx_exti.o
                0x08008918                EXTI_GetFlagStatus
 .text.EXTI_GetITStatus
                0x0800892c        0x4 build_space-shooter-game-application/stm32l1xx_exti.o
                0x0800892c                EXTI_GetITStatus
 .text.EXTI_ClearITPendingBit
                0x08008930        0xc build_space-shooter-game-application/stm32l1xx_exti.o
                0x08008930                EXTI_ClearITPendingBit
 .text.TIM_DeInit
                0x0800893c       0xe4 build_space-shooter-game-application/stm32l1xx_tim.o
                0x0800893c                TIM_DeInit
 .text.TIM_TimeBaseInit
                0x08008a20       0x5c build_space-shooter-game-application/stm32l1xx_tim.o
                0x08008a20                TIM_TimeBaseInit
 .text.TIM_ARRPreloadConfig
                0x08008a7c       0x18 build_space-shooter-game-application/stm32l1xx_tim.o
                0x08008a7c                TIM_ARRPreloadConfig
 .text.TIM_Cmd  0x08008a94       0x18 build_space-shooter-game-application/stm32l1xx_tim.o
                0x08008a94                TIM_Cmd
 .text.TIM_OC3Init
                0x08008aac       0x3c build_space-shooter-game-application/stm32l1xx_tim.o
                0x08008aac                TIM_OC3Init
 .text.TIM_OC3PreloadConfig
                0x08008ae8       0x10 build_space-shooter-game-application/stm32l1xx_tim.o
                0x08008ae8                TIM_OC3PreloadConfig
 .text.TIM_ITConfig
                0x08008af8       0x12 build_space-shooter-game-application/stm32l1xx_tim.o
                0x08008af8                TIM_ITConfig
 .text.TIM_GetITStatus
                0x08008b0a       0x16 build_space-shooter-game-application/stm32l1xx_tim.o
                0x08008b0a                TIM_GetITStatus
 .text.TIM_ClearITPendingBit
                0x08008b20        0x8 build_space-shooter-game-application/stm32l1xx_tim.o
                0x08008b20                TIM_ClearITPendingBit
 .text.ADC_Init
                0x08008b28       0x4c build_space-shooter-game-application/stm32l1xx_adc.o
                0x08008b28                ADC_Init
 .text.ADC_Cmd  0x08008b74       0x12 build_space-shooter-game-application/stm32l1xx_adc.o
                0x08008b74                ADC_Cmd
 *fill*         0x08008b86        0x2 
 .text.ADC_TempSensorVrefintCmd
                0x08008b88       0x18 build_space-shooter-game-application/stm32l1xx_adc.o
                0x08008b88                ADC_TempSensorVrefintCmd
 .text.ADC_RegularChannelConfig
                0x08008ba0      0x106 build_space-shooter-game-application/stm32l1xx_adc.o
                0x08008ba0                ADC_RegularChannelConfig
 .text.ADC_SoftwareStartConv
                0x08008ca6        0xa build_space-shooter-game-application/stm32l1xx_adc.o
                0x08008ca6                ADC_SoftwareStartConv
 .text.ADC_GetConversionValue
                0x08008cb0        0x6 build_space-shooter-game-application/stm32l1xx_adc.o
                0x08008cb0                ADC_GetConversionValue
 .text.ADC_GetFlagStatus
                0x08008cb6        0xc build_space-shooter-game-application/stm32l1xx_adc.o
                0x08008cb6                ADC_GetFlagStatus
 *fill*         0x08008cc2        0x2 
 .text.PWR_UltraLowPowerCmd
                0x08008cc4        0xc build_space-shooter-game-application/stm32l1xx_pwr.o
                0x08008cc4                PWR_UltraLowPowerCmd
 .text.PWR_EnterSTOPMode
                0x08008cd0       0x34 build_space-shooter-game-application/stm32l1xx_pwr.o
                0x08008cd0                PWR_EnterSTOPMode
 .text.FLASH_Lock
                0x08008d04       0x10 build_space-shooter-game-application/stm32l1xx_flash.o
                0x08008d04                FLASH_Lock
 .text.DATA_EEPROM_Unlock
                0x08008d14       0x20 build_space-shooter-game-application/stm32l1xx_flash.o
                0x08008d14                DATA_EEPROM_Unlock
 .text.FLASH_Unlock
                0x08008d34       0x2c build_space-shooter-game-application/stm32l1xx_flash.o
                0x08008d34                FLASH_Unlock
 .text.DATA_EEPROM_Lock
                0x08008d60       0x10 build_space-shooter-game-application/stm32l1xx_flash.o
                0x08008d60                DATA_EEPROM_Lock
 .text.FLASH_OB_Unlock
                0x08008d70       0x2c build_space-shooter-game-application/stm32l1xx_flash.o
                0x08008d70                FLASH_OB_Unlock
 .text.FLASH_OB_Launch
                0x08008d9c       0x10 build_space-shooter-game-application/stm32l1xx_flash.o
                0x08008d9c                FLASH_OB_Launch
 .text.FLASH_OB_GetBOR
                0x08008dac       0x10 build_space-shooter-game-application/stm32l1xx_flash.o
                0x08008dac                FLASH_OB_GetBOR
 .text.FLASH_ClearFlag
                0x08008dbc        0xc build_space-shooter-game-application/stm32l1xx_flash.o
                0x08008dbc                FLASH_ClearFlag
 .text.FLASH_GetStatus
                0x08008dc8       0x28 build_space-shooter-game-application/stm32l1xx_flash.o
                0x08008dc8                FLASH_GetStatus
 .text.FLASH_WaitForLastOperation
                0x08008df0       0x3c build_space-shooter-game-application/stm32l1xx_flash.o
                0x08008df0                FLASH_WaitForLastOperation
 .text.FLASH_ErasePage
                0x08008e2c       0x44 build_space-shooter-game-application/stm32l1xx_flash.o
                0x08008e2c                FLASH_ErasePage
 .text.FLASH_FastProgramWord
                0x08008e70       0x22 build_space-shooter-game-application/stm32l1xx_flash.o
                0x08008e70                FLASH_FastProgramWord
 .text.DATA_EEPROM_EraseWord
                0x08008e92       0x16 build_space-shooter-game-application/stm32l1xx_flash.o
                0x08008e92                DATA_EEPROM_EraseWord
 .text.DATA_EEPROM_FastProgramWord
                0x08008ea8       0x30 build_space-shooter-game-application/stm32l1xx_flash.o
                0x08008ea8                DATA_EEPROM_FastProgramWord
 .text.DATA_EEPROM_ProgramByte
                0x08008ed8       0x4a build_space-shooter-game-application/stm32l1xx_flash.o
                0x08008ed8                DATA_EEPROM_ProgramByte
 *fill*         0x08008f22        0x2 
 .text.FLASH_OB_BORConfig
                0x08008f24       0x3c build_space-shooter-game-application/stm32l1xx_flash.o
                0x08008f24                FLASH_OB_BORConfig
 .text.IWDG_WriteAccessCmd
                0x08008f60        0xc build_space-shooter-game-application/stm32l1xx_iwdg.o
                0x08008f60                IWDG_WriteAccessCmd
 .text.IWDG_SetPrescaler
                0x08008f6c        0xc build_space-shooter-game-application/stm32l1xx_iwdg.o
                0x08008f6c                IWDG_SetPrescaler
 .text.IWDG_SetReload
                0x08008f78        0xc build_space-shooter-game-application/stm32l1xx_iwdg.o
                0x08008f78                IWDG_SetReload
 .text.IWDG_ReloadCounter
                0x08008f84       0x10 build_space-shooter-game-application/stm32l1xx_iwdg.o
                0x08008f84                IWDG_ReloadCounter
 .text.IWDG_Enable
                0x08008f94       0x10 build_space-shooter-game-application/stm32l1xx_iwdg.o
                0x08008f94                IWDG_Enable
 .text.I2C_SendData
                0x08008fa4        0x4 build_space-shooter-game-application/stm32l1xx_i2c.o
                0x08008fa4                I2C_SendData
 .text.I2C_CheckEvent
                0x08008fa8       0x18 build_space-shooter-game-application/stm32l1xx_i2c.o
                0x08008fa8                I2C_CheckEvent
 .text.disable_interrupts
                0x08008fc0       0x10 build_space-shooter-game-application/platform.o
                0x08008fc0                disable_interrupts
 .text.entry_critical
                0x08008fd0       0x14 build_space-shooter-game-application/platform.o
                0x08008fd0                entry_critical
 .text.exit_critical
                0x08008fe4       0x30 build_space-shooter-game-application/platform.o
                0x08008fe4                exit_critical
 .text.default_handler
                0x08009014       0x1c build_space-shooter-game-application/system.o
                0x08009014                svc_handler
                0x08009014                default_handler
                0x08009014                dg_monitor_handler
                0x08009014                pendsv_handler
 .text.nmi_handler
                0x08009030       0x1c build_space-shooter-game-application/system.o
                0x08009030                nmi_handler
 .text.hard_fault_handler
                0x0800904c       0x1c build_space-shooter-game-application/system.o
                0x0800904c                hard_fault_handler
 .text.mem_manage_handler
                0x08009068       0x1c build_space-shooter-game-application/system.o
                0x08009068                mem_manage_handler
 .text.bus_fault_handler
                0x08009084       0x1c build_space-shooter-game-application/system.o
                0x08009084                bus_fault_handler
 .text.usage_fault_handler
                0x080090a0       0x1c build_space-shooter-game-application/system.o
                0x080090a0                usage_fault_handler
 .text.systick_handler
                0x080090bc       0x40 build_space-shooter-game-application/system.o
                0x080090bc                systick_handler
 .text.uart1_irq
                0x080090fc       0x64 build_space-shooter-game-application/system.o
                0x080090fc                uart1_irq
 .text.exti_line1_irq
                0x08009160       0x1c build_space-shooter-game-application/system.o
                0x08009160                exti_line1_irq
 .text.timer7_irq
                0x0800917c       0x24 build_space-shooter-game-application/system.o
                0x0800917c                timer7_irq
 .text.sys_ctrl_delay
                0x080091a0        0xc build_space-shooter-game-application/system.o
                0x080091a0                sys_ctrl_delay
 .text.sys_ctrl_millis
                0x080091ac       0x1c build_space-shooter-game-application/system.o
                0x080091ac                sys_ctrl_millis
 .text._init    0x080091c8        0x2 build_space-shooter-game-application/system.o
                0x080091c8                _init
 .text._fini    0x080091ca        0x2 build_space-shooter-game-application/system.o
                0x080091ca                _fini
 .text.sys_stack_count_init
                0x080091cc       0x3c build_space-shooter-game-application/system.o
                0x080091cc                sys_stack_count_init
 .text.reset_handler
                0x08009208       0xc8 build_space-shooter-game-application/system.o
                0x08009208                reset_handler
 .text.sys_stack_usage
                0x080092d0       0x20 build_space-shooter-game-application/system.o
                0x080092d0                sys_stack_usage
 .text.sys_stack_get_size
                0x080092f0        0xc build_space-shooter-game-application/system.o
                0x080092f0                sys_stack_get_size
 .text.sys_ctrl_shell_put_char_block
                0x080092fc       0x2c build_space-shooter-game-application/sys_cfg.o
                0x080092fc                sys_ctrl_shell_put_char_block
 .text.sys_cfg_clock
                0x08009328       0x22 build_space-shooter-game-application/sys_cfg.o
                0x08009328                sys_cfg_clock
 *fill*         0x0800934a        0x2 
 .text.sys_cfg_tick
                0x0800934c       0x44 build_space-shooter-game-application/sys_cfg.o
                0x0800934c                sys_cfg_tick
 .text.sys_cfg_svc
                0x08009390       0x20 build_space-shooter-game-application/sys_cfg.o
                0x08009390                sys_cfg_svc
 .text.sys_cfg_pendsv
                0x080093b0       0x24 build_space-shooter-game-application/sys_cfg.o
                0x080093b0                sys_cfg_pendsv
 .text.sys_cfg_update_info
                0x080093d4      0x104 build_space-shooter-game-application/sys_cfg.o
                0x080093d4                sys_cfg_update_info
 .text.sys_ctrl_shell_sw_to_block
                0x080094d8       0x38 build_space-shooter-game-application/sys_cfg.o
                0x080094d8                sys_ctrl_shell_sw_to_block
 .text.sys_cfg_console
                0x08009510       0xc8 build_space-shooter-game-application/sys_cfg.o
                0x08009510                sys_cfg_console
 .text.sys_ctrl_shell_get_char
                0x080095d8       0x34 build_space-shooter-game-application/sys_cfg.o
                0x080095d8                sys_ctrl_shell_get_char
 .text.sys_ctrl_reset
                0x0800960c       0x20 build_space-shooter-game-application/sys_cfg.o
                0x0800960c                sys_ctrl_reset
 .text.sys_ctrl_delay_us
                0x0800962c       0x58 build_space-shooter-game-application/sys_cfg.o
                0x0800962c                sys_ctrl_delay_us
 .text.sys_ctrl_delay_ms
                0x08009684       0x1e build_space-shooter-game-application/sys_cfg.o
                0x08009684                sys_ctrl_delay_ms
 *fill*         0x080096a2        0x2 
 .text.sys_ctr_stop_mcu
                0x080096a4       0xa8 build_space-shooter-game-application/sys_cfg.o
                0x080096a4                sys_ctr_stop_mcu
 .text.sys_ctrl_independent_watchdog_init
                0x0800974c       0x24 build_space-shooter-game-application/sys_cfg.o
                0x0800974c                sys_ctrl_independent_watchdog_init
 .text.sys_ctrl_independent_watchdog_reset
                0x08009770       0x12 build_space-shooter-game-application/sys_cfg.o
                0x08009770                sys_ctrl_independent_watchdog_reset
 *fill*         0x08009782        0x2 
 .text.sys_ctrl_soft_watchdog_init
                0x08009784       0x58 build_space-shooter-game-application/sys_cfg.o
                0x08009784                sys_ctrl_soft_watchdog_init
 .text.sys_ctrl_soft_watchdog_reset
                0x080097dc       0x18 build_space-shooter-game-application/sys_cfg.o
                0x080097dc                sys_ctrl_soft_watchdog_reset
 .text.sys_ctrl_soft_watchdog_increase_counter
                0x080097f4       0x40 build_space-shooter-game-application/sys_cfg.o
                0x080097f4                sys_ctrl_soft_watchdog_increase_counter
 .text.sys_ctrl_get_firmware_info
                0x08009834       0x40 build_space-shooter-game-application/sys_cfg.o
                0x08009834                sys_ctrl_get_firmware_info
 .text.task_irq_io_entry_trigger
                0x08009874        0x2 build_space-shooter-game-application/sys_cfg.o
                0x08009874                task_irq_io_entry_trigger
 .text.task_irq_io_exit_trigger
                0x08009876        0x2 build_space-shooter-game-application/sys_cfg.o
                0x08009876                task_irq_io_exit_trigger
 .text.io_button_mode_init
                0x08009878       0x28 build_space-shooter-game-application/io_cfg.o
                0x08009878                io_button_mode_init
 .text.io_button_up_init
                0x080098a0       0x28 build_space-shooter-game-application/io_cfg.o
                0x080098a0                io_button_up_init
 .text.io_button_down_init
                0x080098c8       0x28 build_space-shooter-game-application/io_cfg.o
                0x080098c8                io_button_down_init
 .text.io_button_mode_read
                0x080098f0        0xc build_space-shooter-game-application/io_cfg.o
                0x080098f0                io_button_mode_read
 .text.io_button_up_read
                0x080098fc       0x10 build_space-shooter-game-application/io_cfg.o
                0x080098fc                io_button_up_read
 .text.io_button_down_read
                0x0800990c        0xc build_space-shooter-game-application/io_cfg.o
                0x0800990c                io_button_down_read
 .text.led_life_init
                0x08009918       0x28 build_space-shooter-game-application/io_cfg.o
                0x08009918                led_life_init
 .text.led_life_on
                0x08009940       0x10 build_space-shooter-game-application/io_cfg.o
                0x08009940                led_life_on
 .text.led_life_off
                0x08009950       0x10 build_space-shooter-game-application/io_cfg.o
                0x08009950                led_life_off
 .text.flash_io_ctrl_init
                0x08009960       0x28 build_space-shooter-game-application/io_cfg.o
                0x08009960                flash_io_ctrl_init
 .text.flash_cs_low
                0x08009988       0x10 build_space-shooter-game-application/io_cfg.o
                0x08009988                flash_cs_low
 .text.flash_cs_high
                0x08009998       0x10 build_space-shooter-game-application/io_cfg.o
                0x08009998                flash_cs_high
 .text.flash_transfer
                0x080099a8       0x88 build_space-shooter-game-application/io_cfg.o
                0x080099a8                flash_transfer
 .text.io_cfg_adc1
                0x08009a30       0x48 build_space-shooter-game-application/io_cfg.o
                0x08009a30                io_cfg_adc1
 .text.adc_bat_io_cfg
                0x08009a78       0x2c build_space-shooter-game-application/io_cfg.o
                0x08009a78                adc_bat_io_cfg
 *fill*         0x08009aa4        0x4 
 .text.sys_ctr_get_vbat_voltage
                0x08009aa8       0x88 build_space-shooter-game-application/io_cfg.o
                0x08009aa8                sys_ctr_get_vbat_voltage
 .text.sys_ctr_get_mcu_temperature
                0x08009b30       0x68 build_space-shooter-game-application/io_cfg.o
                0x08009b30                sys_ctr_get_mcu_temperature
 .text.oled_clk_input_mode
                0x08009b98       0x28 build_space-shooter-game-application/io_cfg.o
                0x08009b98                oled_clk_input_mode
 .text.oled_clk_output_mode
                0x08009bc0       0x28 build_space-shooter-game-application/io_cfg.o
                0x08009bc0                oled_clk_output_mode
 .text.oled_clk_digital_write_low
                0x08009be8       0x10 build_space-shooter-game-application/io_cfg.o
                0x08009be8                oled_clk_digital_write_low
 .text.oled_clk_digital_write_high
                0x08009bf8       0x10 build_space-shooter-game-application/io_cfg.o
                0x08009bf8                oled_clk_digital_write_high
 .text.oled_data_input_mode
                0x08009c08       0x28 build_space-shooter-game-application/io_cfg.o
                0x08009c08                oled_data_input_mode
 .text.oled_data_output_mode
                0x08009c30       0x28 build_space-shooter-game-application/io_cfg.o
                0x08009c30                oled_data_output_mode
 .text.oled_data_digital_write_low
                0x08009c58       0x10 build_space-shooter-game-application/io_cfg.o
                0x08009c58                oled_data_digital_write_low
 .text.oled_data_digital_write_high
                0x08009c68       0x10 build_space-shooter-game-application/io_cfg.o
                0x08009c68                oled_data_digital_write_high
 .text.oled_res_input_mode
                0x08009c78       0x28 build_space-shooter-game-application/io_cfg.o
                0x08009c78                oled_res_input_mode
 .text.oled_res_output_mode
                0x08009ca0       0x28 build_space-shooter-game-application/io_cfg.o
                0x08009ca0                oled_res_output_mode
 .text.oled_res_digital_write_low
                0x08009cc8       0x10 build_space-shooter-game-application/io_cfg.o
                0x08009cc8                oled_res_digital_write_low
 .text.oled_res_digital_write_high
                0x08009cd8       0x10 build_space-shooter-game-application/io_cfg.o
                0x08009cd8                oled_res_digital_write_high
 .text.io_eeprom_read
                0x08009ce8       0x34 build_space-shooter-game-application/io_cfg.o
                0x08009ce8                io_eeprom_read
 .text.io_eeprom_write
                0x08009d1c       0x48 build_space-shooter-game-application/io_cfg.o
                0x08009d1c                io_eeprom_write
 .text.io_eeprom_erase
                0x08009d64       0x4c build_space-shooter-game-application/io_cfg.o
                0x08009d64                io_eeprom_erase
 .text.internal_flash_unlock
                0x08009db0       0x12 build_space-shooter-game-application/io_cfg.o
                0x08009db0                internal_flash_unlock
 .text.internal_flash_lock
                0x08009dc2        0x4 build_space-shooter-game-application/io_cfg.o
                0x08009dc2                internal_flash_lock
 .text.internal_flash_erase_pages_cal
                0x08009dc6       0x24 build_space-shooter-game-application/io_cfg.o
                0x08009dc6                internal_flash_erase_pages_cal
 .text.internal_flash_write_cal
                0x08009dea       0x48 build_space-shooter-game-application/io_cfg.o
                0x08009dea                internal_flash_write_cal
 *fill*         0x08009e32        0x2 
 .text.io_uart2_cfg
                0x08009e34       0xac build_space-shooter-game-application/io_cfg.o
                0x08009e34                io_uart2_cfg
 .text.io_uart_rs485_cfg
                0x08009ee0       0x68 build_space-shooter-game-application/io_cfg.o
                0x08009ee0                io_uart_rs485_cfg
 .text.io_rs485_dir_mode_output
                0x08009f48       0x30 build_space-shooter-game-application/io_cfg.o
                0x08009f48                io_rs485_dir_mode_output
 .text.io_rs485_dir_low
                0x08009f78        0xc build_space-shooter-game-application/io_cfg.o
                0x08009f78                io_rs485_dir_low
 .text.io_rs485_dir_high
                0x08009f84        0xc build_space-shooter-game-application/io_cfg.o
                0x08009f84                io_rs485_dir_high
 .text.SystemInit
                0x08009f90      0x114 build_space-shooter-game-application/system_stm32l1xx.o
                0x08009f90                SystemInit
 .text.SystemCoreClockUpdate
                0x0800a0a4       0x7c build_space-shooter-game-application/system_stm32l1xx.o
                0x0800a0a4                SystemCoreClockUpdate
 .text._Z21scr_game_title_handleP8ak_msg_t
                0x0800a120       0xc8 build_space-shooter-game-application/scr_game_title.o
                0x0800a120                scr_game_title_handle(ak_msg_t*)
 .text._ZL19view_scr_game_titlev
                0x0800a1e8       0xd8 build_space-shooter-game-application/scr_game_title.o
 .text._Z20scr_game_menu_handleP8ak_msg_t
                0x0800a2c0      0x130 build_space-shooter-game-application/scr_game_menu.o
                0x0800a2c0                scr_game_menu_handle(ak_msg_t*)
 .text._ZL18view_scr_game_menuv
                0x0800a3f0      0x15c build_space-shooter-game-application/scr_game_menu.o
 .text._Z23scr_game_setting_handleP8ak_msg_t
                0x0800a54c      0x11c build_space-shooter-game-application/scr_game_setting.o
                0x0800a54c                scr_game_setting_handle(ak_msg_t*)
 .text._ZL21view_scr_game_settingv
                0x0800a668      0x140 build_space-shooter-game-application/scr_game_setting.o
 .text._Z25scr_game_highscore_handleP8ak_msg_t
                0x0800a7a8       0xd0 build_space-shooter-game-application/scr_game_highscore.o
                0x0800a7a8                scr_game_highscore_handle(ak_msg_t*)
 .text._ZL23view_scr_game_highscorev
                0x0800a878      0x124 build_space-shooter-game-application/scr_game_highscore.o
 .text._Z20scr_game_play_handleP8ak_msg_t
                0x0800a99c       0xa4 build_space-shooter-game-application/scr_game_play.o
                0x0800a99c                scr_game_play_handle(ak_msg_t*)
 .text._ZL18view_scr_game_playv
                0x0800aa40      0x590 build_space-shooter-game-application/scr_game_play.o
 .text._Z24scr_game_gameover_handleP8ak_msg_t
                0x0800afd0       0xb0 build_space-shooter-game-application/scr_game_gameover.o
                0x0800afd0                scr_game_gameover_handle(ak_msg_t*)
 .text._ZL22view_scr_game_gameoverv
                0x0800b080      0x18c build_space-shooter-game-application/scr_game_gameover.o
 .text._Z25scr_game_showscore_handleP8ak_msg_t
                0x0800b20c      0x104 build_space-shooter-game-application/scr_game_showscore.o
                0x0800b20c                scr_game_showscore_handle(ak_msg_t*)
 .text._ZL23view_scr_game_showscorev
                0x0800b310      0x118 build_space-shooter-game-application/scr_game_showscore.o
 .text._ZL16view_scr_startupv
                0x0800b428       0xd0 build_space-shooter-game-application/scr_startup.o
 .text._Z18scr_startup_handleP8ak_msg_t
                0x0800b4f8       0x78 build_space-shooter-game-application/scr_startup.o
                0x0800b4f8                scr_startup_handle(ak_msg_t*)
 .text._ZL13view_scr_idlev
                0x0800b570       0x44 build_space-shooter-game-application/scr_idle.o
 .text._ZN4ballC2Ev
                0x0800b5b4       0x66 build_space-shooter-game-application/scr_idle.o
                0x0800b5b4                ball::ball()
                0x0800b5b4                ball::ball()
 *fill*         0x0800b61a        0x2 
 .text._Z15scr_idle_handleP8ak_msg_t
                0x0800b61c      0x14c build_space-shooter-game-application/scr_idle.o
                0x0800b61c                scr_idle_handle(ak_msg_t*)
 .text.startup._GLOBAL__sub_I_dyn_view_idle
                0x0800b768       0x18 build_space-shooter-game-application/scr_idle.o
 .text._Z17game_save_settingv
                0x0800b780       0x40 build_space-shooter-game-application/game_save.o
                0x0800b780                game_save_setting()
 .text._Z15game_save_scorev
                0x0800b7c0       0x40 build_space-shooter-game-application/game_save.o
                0x0800b7c0                game_save_score()
 .text._Z21reset_high_score_datav
                0x0800b800       0x14 build_space-shooter-game-application/game_save.o
                0x0800b800                reset_high_score_data()
 .text._Z14game_load_datav
                0x0800b814       0x9c build_space-shooter-game-application/game_save.o
                0x0800b814                game_load_data()
 .text._Z22game_update_high_scorem
                0x0800b8b0       0x3c build_space-shooter-game-application/game_save.o
                0x0800b8b0                game_update_high_score(unsigned long)
 .text._ZL16game_player_movea
                0x0800b8ec       0x1c build_space-shooter-game-application/game_shooter_player_task.o
 .text._Z17game_get_player_xv
                0x0800b908        0xc build_space-shooter-game-application/game_shooter_player_task.o
                0x0800b908                game_get_player_x()
 .text._Z21game_get_player_blinkv
                0x0800b914        0xc build_space-shooter-game-application/game_shooter_player_task.o
                0x0800b914                game_get_player_blink()
 .text._Z28game_get_player_shield_timerv
                0x0800b920        0xc build_space-shooter-game-application/game_shooter_player_task.o
                0x0800b920                game_get_player_shield_timer()
 .text._Z34game_get_player_super_bullet_timerv
                0x0800b92c        0xc build_space-shooter-game-application/game_shooter_player_task.o
                0x0800b92c                game_get_player_super_bullet_timer()
 .text._Z14game_get_scorev
                0x0800b938        0xc build_space-shooter-game-application/game_shooter_player_task.o
                0x0800b938                game_get_score()
 .text._Z14game_get_livesv
                0x0800b944        0xc build_space-shooter-game-application/game_shooter_player_task.o
                0x0800b944                game_get_lives()
 .text._Z19game_get_tick_countv
                0x0800b950        0xc build_space-shooter-game-application/game_shooter_player_task.o
                0x0800b950                game_get_tick_count()
 .text._Z16game_player_taskP8ak_msg_t
                0x0800b95c      0x1d4 build_space-shooter-game-application/game_shooter_player_task.o
                0x0800b95c                game_player_task(ak_msg_t*)
 .text._ZL16game_enemy_spawnv
                0x0800bb30      0x14c build_space-shooter-game-application/game_shooter_enemy_task.o
 .text._Z16game_get_enemiesv
                0x0800bc7c        0x8 build_space-shooter-game-application/game_shooter_enemy_task.o
                0x0800bc7c                game_get_enemies()
 .text._Z17game_get_powerupsv
                0x0800bc84        0x8 build_space-shooter-game-application/game_shooter_enemy_task.o
                0x0800bc84                game_get_powerups()
 .text._Z15game_enemy_killi
                0x0800bc8c       0xe0 build_space-shooter-game-application/game_shooter_enemy_task.o
                0x0800bc8c                game_enemy_kill(int)
 .text._Z15game_enemy_taskP8ak_msg_t
                0x0800bd6c      0x4d0 build_space-shooter-game-application/game_shooter_enemy_task.o
                0x0800bd6c                game_enemy_task(ak_msg_t*)
 .text._Z16game_boss_handleP8ak_msg_t
                0x0800c23c      0x260 build_space-shooter-game-application/game_shooter_boss.o
                0x0800c23c                game_boss_handle(ak_msg_t*)
 .text._Z19game_powerup_handleP8ak_msg_t
                0x0800c49c       0xf8 build_space-shooter-game-application/game_shooter_powerup.o
                0x0800c49c                game_powerup_handle(ak_msg_t*)
 .text._Z16game_get_bulletsv
                0x0800c594        0x8 build_space-shooter-game-application/game_shooter_bullet_task.o
                0x0800c594                game_get_bullets()
 .text._Z19game_get_explosionsv
                0x0800c59c        0x8 build_space-shooter-game-application/game_shooter_bullet_task.o
                0x0800c59c                game_get_explosions()
 .text._Z20game_check_collisioniiiiiiii
                0x0800c5a4       0x2c build_space-shooter-game-application/game_shooter_bullet_task.o
                0x0800c5a4                game_check_collision(int, int, int, int, int, int, int, int)
 .text._Z16game_bullet_taskP8ak_msg_t
                0x0800c5d0      0x2b0 build_space-shooter-game-application/game_shooter_bullet_task.o
                0x0800c5d0                game_bullet_task(ak_msg_t*)
 .text._Z14game_get_stagev
                0x0800c880        0xc build_space-shooter-game-application/game_shooter_stage_task.o
                0x0800c880                game_get_stage()
 .text._Z25game_get_transition_timerv
                0x0800c88c        0xc build_space-shooter-game-application/game_shooter_stage_task.o
                0x0800c88c                game_get_transition_timer()
 .text._Z28game_get_new_high_score_rankv
                0x0800c898        0xc build_space-shooter-game-application/game_shooter_stage_task.o
                0x0800c898                game_get_new_high_score_rank()
 .text._Z28game_set_new_high_score_rankh
                0x0800c8a4        0xc build_space-shooter-game-application/game_shooter_stage_task.o
                0x0800c8a4                game_set_new_high_score_rank(unsigned char)
 .text._Z15game_stage_taskP8ak_msg_t
                0x0800c8b0       0xb0 build_space-shooter-game-application/game_shooter_stage_task.o
                0x0800c8b0                game_stage_task(ak_msg_t*)
 .text._ZL20game_background_initv
                0x0800c960       0x50 build_space-shooter-game-application/game_shooter_render.o
 .text._Z14game_get_starsv
                0x0800c9b0        0x8 build_space-shooter-game-application/game_shooter_render.o
                0x0800c9b0                game_get_stars()
 .text._Z27game_shooter_request_renderv
                0x0800c9b8        0x8 build_space-shooter-game-application/game_shooter_render.o
                0x0800c9b8                game_shooter_request_render()
 .text._Z18game_render_handleP8ak_msg_t
                0x0800c9c0       0xd4 build_space-shooter-game-application/game_shooter_render.o
                0x0800c9c0                game_render_handle(ak_msg_t*)
 .text._Z11task_systemP8ak_msg_t
                0x0800ca94       0x3c build_space-shooter-game-application/task_system.o
                0x0800ca94                task_system(ak_msg_t*)
 .text.main_app
                0x0800cad0      0x290 build_space-shooter-game-application/app.o
                0x0800cad0                main_app
 .text._Z19task_polling_zigbeev
                0x0800cd60        0x2 build_space-shooter-game-application/app.o
                0x0800cd60                task_polling_zigbee()
 *fill*         0x0800cd62        0x2 
 .text._Z20task_polling_consolev
                0x0800cd64       0xd4 build_space-shooter-game-application/app.o
                0x0800cd64                task_polling_console()
 .text.sys_irq_timer_10ms
                0x0800ce38       0x24 build_space-shooter-game-application/app.o
                0x0800ce38                sys_irq_timer_10ms
 .text._Z17btn_mode_callbackPv
                0x0800ce5c       0x40 build_space-shooter-game-application/app_bsp.o
                0x0800ce5c                btn_mode_callback(void*)
 .text._Z15btn_up_callbackPv
                0x0800ce9c       0x58 build_space-shooter-game-application/app_bsp.o
                0x0800ce9c                btn_up_callback(void*)
 .text._Z17btn_down_callbackPv
                0x0800cef4       0x58 build_space-shooter-game-application/app_bsp.o
                0x0800cef4                btn_down_callback(void*)
 .text._Z22updateDataModbusDeviceP21ModbusDeviceStructure
                0x0800cf4c       0xc4 build_space-shooter-game-application/app_modbus_pull.o
                0x0800cf4c                updateDataModbusDevice(ModbusDeviceStructure*)
 .text._ZL19str_parser_get_attrh
                0x0800d010       0x1c build_space-shooter-game-application/shell.o
 .text._Z9shell_sttPh
                0x0800d02c        0x4 build_space-shooter-game-application/shell.o
                0x0800d02c                shell_stt(unsigned char*)
 .text._Z9shell_psvPh
                0x0800d030       0x14 build_space-shooter-game-application/shell.o
                0x0800d030                shell_psv(unsigned char*)
 .text._Z11shell_resetPh
                0x0800d044       0x10 build_space-shooter-game-application/shell.o
                0x0800d044                shell_reset(unsigned char*)
 .text._Z10shell_helpPh
                0x0800d054       0x2c build_space-shooter-game-application/shell.o
                0x0800d054                shell_help(unsigned char*)
 .text._Z9shell_verPh
                0x0800d080      0x118 build_space-shooter-game-application/shell.o
                0x0800d080                shell_ver(unsigned char*)
 .text._Z12shell_rebootPh
                0x0800d198       0x10 build_space-shooter-game-application/shell.o
                0x0800d198                shell_reboot(unsigned char*)
 .text._ZL10str_parserPc
                0x0800d1a8       0x60 build_space-shooter-game-application/shell.o
 .text._Z11shell_fatalPh
                0x0800d208      0x2e4 build_space-shooter-game-application/shell.o
                0x0800d208                shell_fatal(unsigned char*)
 .text._Z11shell_flashPh
                0x0800d4ec      0x148 build_space-shooter-game-application/shell.o
                0x0800d4ec                shell_flash(unsigned char*)
 .text._Z9shell_epsPh
                0x0800d634       0xc8 build_space-shooter-game-application/shell.o
                0x0800d634                shell_eps(unsigned char*)
 .text._Z9shell_ramPh
                0x0800d6fc      0x1fc build_space-shooter-game-application/shell.o
                0x0800d6fc                shell_ram(unsigned char*)
 .text._Z10shell_bootPh
                0x0800d8f8       0xdc build_space-shooter-game-application/shell.o
                0x0800d8f8                shell_boot(unsigned char*)
 .text._Z9shell_fwuPh
                0x0800d9d4       0x34 build_space-shooter-game-application/shell.o
                0x0800d9d4                shell_fwu(unsigned char*)
 .text._Z12shell_buzzerPh
                0x0800da08       0x78 build_space-shooter-game-application/shell.o
                0x0800da08                shell_buzzer(unsigned char*)
 .text._Z9shell_dbgPh
                0x0800da80       0x3c build_space-shooter-game-application/shell.o
                0x0800da80                shell_dbg(unsigned char*)
 .text._Z12shell_modbusPh
                0x0800dabc       0xd0 build_space-shooter-game-application/shell.o
                0x0800dabc                shell_modbus(unsigned char*)
 .text._Z9shell_epiPh
                0x0800db8c        0x4 build_space-shooter-game-application/shell.o
                0x0800db8c                shell_epi(unsigned char*)
 .text._Z9shell_lcdPh
                0x0800db90      0x1cc build_space-shooter-game-application/shell.o
                0x0800db90                shell_lcd(unsigned char*)
 .text.sys_irq_shell
                0x0800dd5c       0x2c build_space-shooter-game-application/task_shell.o
                0x0800dd5c                sys_irq_shell
 .text._Z10task_shellP8ak_msg_t
                0x0800dd88       0x7c build_space-shooter-game-application/task_shell.o
                0x0800dd88                task_shell(ak_msg_t*)
 .text._Z9task_lifeP8ak_msg_t
                0x0800de04       0x20 build_space-shooter-game-application/task_life.o
                0x0800de04                task_life(ak_msg_t*)
 .text._Z7task_fwP8ak_msg_t
                0x0800de24      0x430 build_space-shooter-game-application/task_fw.o
                0x0800de24                task_fw(ak_msg_t*)
 .text._Z12task_displayP8ak_msg_t
                0x0800e254        0x4 build_space-shooter-game-application/task_display.o
                0x0800e254                task_display(ak_msg_t*)
 .text._Z7task_ifP8ak_msg_t
                0x0800e258       0x98 build_space-shooter-game-application/task_if.o
                0x0800e258                task_if(ak_msg_t*)
 .text._Z12task_rf24_ifP8ak_msg_t
                0x0800e2f0        0x2 build_space-shooter-game-application/task_rf24_if.o
                0x0800e2f0                task_rf24_if(ak_msg_t*)
 .text._Z12task_uart_ifP8ak_msg_t
                0x0800e2f2       0x6c build_space-shooter-game-application/task_uart_if.o
                0x0800e2f2                task_uart_if(ak_msg_t*)
 .text._Z8task_dbgP8ak_msg_t
                0x0800e35e        0x2 build_space-shooter-game-application/task_dbg.o
                0x0800e35e                task_dbg(ak_msg_t*)
 .text._ZL19view_render_dynamicPv
                0x0800e360        0xa build_space-shooter-game-application/view_render.o
 *fill*         0x0800e36a        0x2 
 .text._Z22view_render_display_onv
                0x0800e36c        0xc build_space-shooter-game-application/view_render.o
                0x0800e36c                view_render_display_on()
 .text.startup._GLOBAL__sub_I_view_render
                0x0800e378        0xc build_space-shooter-game-application/view_render.o
 .text.exit._GLOBAL__sub_D_view_render
                0x0800e384        0xc build_space-shooter-game-application/view_render.o
 .text._Z18view_render_screenP13view_screen_t
                0x0800e390       0x68 build_space-shooter-game-application/view_render.o
                0x0800e390                view_render_screen(view_screen_t*)
 .text._ZL21view_render_rectanglePv
                0x0800e3f8       0xe8 build_space-shooter-game-application/view_render.o
 .text._Z12scr_mng_ctorP9scr_mng_tPFvP8ak_msg_tEP13view_screen_t
                0x0800e4e0       0x30 build_space-shooter-game-application/screen_manager.o
                0x0800e4e0                scr_mng_ctor(scr_mng_t*, void (*)(ak_msg_t*), view_screen_t*)
 .text._Z16scr_mng_dispatchP8ak_msg_t
                0x0800e510       0x6c build_space-shooter-game-application/screen_manager.o
                0x0800e510                scr_mng_dispatch(ak_msg_t*)
 .text._Z12scr_mng_tranPFvP8ak_msg_tEP13view_screen_t
                0x0800e57c       0x50 build_space-shooter-game-application/screen_manager.o
                0x0800e57c                scr_mng_tran(void (*)(ak_msg_t*), view_screen_t*)
 .text._Z12scr_mng_backv
                0x0800e5cc       0x58 build_space-shooter-game-application/screen_manager.o
                0x0800e5cc                scr_mng_back()
 .text._ZN12Adafruit_GFX8drawLineEsssst
                0x0800e624       0xca build_space-shooter-game-application/Adafruit_GFX.o
                0x0800e624                Adafruit_GFX::drawLine(short, short, short, short, unsigned short)
 .text._ZN12Adafruit_GFX8drawRectEsssst
                0x0800e6ee       0x68 build_space-shooter-game-application/Adafruit_GFX.o
                0x0800e6ee                Adafruit_GFX::drawRect(short, short, short, short, unsigned short)
 .text._ZN12Adafruit_GFX13drawFastVLineEssst
                0x0800e756       0x1c build_space-shooter-game-application/Adafruit_GFX.o
                0x0800e756                Adafruit_GFX::drawFastVLine(short, short, short, unsigned short)
 .text._ZN12Adafruit_GFX13drawFastHLineEssst
                0x0800e772       0x1a build_space-shooter-game-application/Adafruit_GFX.o
                0x0800e772                Adafruit_GFX::drawFastHLine(short, short, short, unsigned short)
 .text._ZN12Adafruit_GFX8fillRectEsssst
                0x0800e78c       0x38 build_space-shooter-game-application/Adafruit_GFX.o
                0x0800e78c                Adafruit_GFX::fillRect(short, short, short, short, unsigned short)
 .text._ZN12Adafruit_GFX10fillScreenEt
                0x0800e7c4       0x1c build_space-shooter-game-application/Adafruit_GFX.o
                0x0800e7c4                Adafruit_GFX::fillScreen(unsigned short)
 .text._ZN12Adafruit_GFXC2Ess
                0x0800e7e0       0x28 build_space-shooter-game-application/Adafruit_GFX.o
                0x0800e7e0                Adafruit_GFX::Adafruit_GFX(short, short)
                0x0800e7e0                Adafruit_GFX::Adafruit_GFX(short, short)
 .text._ZN12Adafruit_GFX10drawCircleEssst
                0x0800e808      0x176 build_space-shooter-game-application/Adafruit_GFX.o
                0x0800e808                Adafruit_GFX::drawCircle(short, short, short, unsigned short)
 .text._ZN12Adafruit_GFX10drawBitmapEssPKhsst
                0x0800e97e       0x82 build_space-shooter-game-application/Adafruit_GFX.o
                0x0800e97e                Adafruit_GFX::drawBitmap(short, short, unsigned char const*, short, short, unsigned short)
 .text._ZN12Adafruit_GFX8drawCharEsshtth
                0x0800ea00      0x110 build_space-shooter-game-application/Adafruit_GFX.o
                0x0800ea00                Adafruit_GFX::drawChar(short, short, unsigned char, unsigned short, unsigned short, unsigned char)
 .text._ZN12Adafruit_GFX5writeEh
                0x0800eb10       0x60 build_space-shooter-game-application/Adafruit_GFX.o
                0x0800eb10                Adafruit_GFX::write(unsigned char)
 .text._ZN12Adafruit_GFX9setCursorEss
                0x0800eb70        0x6 build_space-shooter-game-application/Adafruit_GFX.o
                0x0800eb70                Adafruit_GFX::setCursor(short, short)
 .text._ZN12Adafruit_GFX11setTextSizeEh
                0x0800eb76        0xa build_space-shooter-game-application/Adafruit_GFX.o
                0x0800eb76                Adafruit_GFX::setTextSize(unsigned char)
 .text._ZN12Adafruit_GFX12setTextColorEt
                0x0800eb80        0x6 build_space-shooter-game-application/Adafruit_GFX.o
                0x0800eb80                Adafruit_GFX::setTextColor(unsigned short)
 .text._ZN12Adafruit_GFX5widthEv
                0x0800eb86        0x6 build_space-shooter-game-application/Adafruit_GFX.o
                0x0800eb86                Adafruit_GFX::width()
 .text._ZN12Adafruit_GFX6heightEv
                0x0800eb8c        0x6 build_space-shooter-game-application/Adafruit_GFX.o
                0x0800eb8c                Adafruit_GFX::height()
 .text._ZN17Adafruit_oled_drv9updateRowEii
                0x0800eb92       0x1e build_space-shooter-game-application/Adafruit_oled_drv.o
                0x0800eb92                Adafruit_oled_drv::updateRow(int, int)
 .text._ZN17Adafruit_oled_drv9drawPixelEsst
                0x0800ebb0       0x52 build_space-shooter-game-application/Adafruit_oled_drv.o
                0x0800ebb0                Adafruit_oled_drv::drawPixel(short, short, unsigned short)
 *fill*         0x0800ec02        0x2 
 .text._ZN17Adafruit_oled_drvC2Ev
                0x0800ec04       0x28 build_space-shooter-game-application/Adafruit_oled_drv.o
                0x0800ec04                Adafruit_oled_drv::Adafruit_oled_drv()
                0x0800ec04                Adafruit_oled_drv::Adafruit_oled_drv()
 .text._ZN17Adafruit_oled_drvD2Ev
                0x0800ec2c        0x2 build_space-shooter-game-application/Adafruit_oled_drv.o
                0x0800ec2c                Adafruit_oled_drv::~Adafruit_oled_drv()
                0x0800ec2c                Adafruit_oled_drv::~Adafruit_oled_drv()
 .text._ZN17Adafruit_oled_drv5clearEb
                0x0800ec2e       0x22 build_space-shooter-game-application/Adafruit_oled_drv.o
                0x0800ec2e                Adafruit_oled_drv::clear(bool)
 .text._ZNK17Adafruit_oled_drv14getFrameBufferEv
                0x0800ec50        0x4 build_space-shooter-game-application/Adafruit_oled_drv.o
                0x0800ec50                Adafruit_oled_drv::getFrameBuffer() const
 .text._ZNK17Adafruit_oled_drv18getFrameBufferSizeEv
                0x0800ec54        0x6 build_space-shooter-game-application/Adafruit_oled_drv.o
                0x0800ec54                Adafruit_oled_drv::getFrameBufferSize() const
 .text._ZN17Adafruit_oled_drv9writeByteEh
                0x0800ec5a       0x54 build_space-shooter-game-application/Adafruit_oled_drv.o
                0x0800ec5a                Adafruit_oled_drv::writeByte(unsigned char)
 .text._ZN17Adafruit_oled_drv8startIICEv
                0x0800ecae       0x2c build_space-shooter-game-application/Adafruit_oled_drv.o
                0x0800ecae                Adafruit_oled_drv::startIIC()
 .text._ZN17Adafruit_oled_drv7stopIICEv
                0x0800ecda       0x2c build_space-shooter-game-application/Adafruit_oled_drv.o
                0x0800ecda                Adafruit_oled_drv::stopIIC()
 .text._ZN17Adafruit_oled_drv12writeCommandEh
                0x0800ed06       0x2c build_space-shooter-game-application/Adafruit_oled_drv.o
                0x0800ed06                Adafruit_oled_drv::writeCommand(unsigned char)
 *fill*         0x0800ed32        0x2 
 .text._ZN17Adafruit_oled_drv10initializeEv
                0x0800ed34      0x120 build_space-shooter-game-application/Adafruit_oled_drv.o
                0x0800ed34                Adafruit_oled_drv::initialize()
 .text._ZN17Adafruit_oled_drv10display_onEv
                0x0800ee54        0x6 build_space-shooter-game-application/Adafruit_oled_drv.o
                0x0800ee54                Adafruit_oled_drv::display_on()
 .text._ZN17Adafruit_oled_drv11display_offEv
                0x0800ee5a        0x6 build_space-shooter-game-application/Adafruit_oled_drv.o
                0x0800ee5a                Adafruit_oled_drv::display_off()
 .text._ZN17Adafruit_oled_drv17startDataSequenceEv
                0x0800ee60       0x1c build_space-shooter-game-application/Adafruit_oled_drv.o
                0x0800ee60                Adafruit_oled_drv::startDataSequence()
 .text._ZN17Adafruit_oled_drv6updateEv
                0x0800ee7c       0x62 build_space-shooter-game-application/Adafruit_oled_drv.o
                0x0800ee7c                Adafruit_oled_drv::update()
 .text._ZN17Adafruit_oled_drv9updateRowEi
                0x0800eede       0x6c build_space-shooter-game-application/Adafruit_oled_drv.o
                0x0800eede                Adafruit_oled_drv::updateRow(int)
 .text.eeprom_read
                0x0800ef4a        0x4 build_space-shooter-game-application/eeprom.o
                0x0800ef4a                eeprom_read
 .text.eeprom_write
                0x0800ef4e        0x4 build_space-shooter-game-application/eeprom.o
                0x0800ef4e                eeprom_write
 .text.eeprom_erase
                0x0800ef52        0x4 build_space-shooter-game-application/eeprom.o
                0x0800ef52                eeprom_erase
 .text._ZL19link_hal_write_byteh
                0x0800ef56        0x2 build_space-shooter-game-application/link_hal.o
 .text._ZL17link_hal_rev_byteh
                0x0800ef58        0x4 build_space-shooter-game-application/link_hal.o
 .text._Z23link_hal_reg_write_bytePFhhE
                0x0800ef5c       0x28 build_space-shooter-game-application/link_hal.o
                0x0800ef5c                link_hal_reg_write_byte(unsigned char (*)(unsigned char))
 .text._Z21link_hal_reg_rev_bytePFhhE
                0x0800ef84       0x28 build_space-shooter-game-application/link_hal.o
                0x0800ef84                link_hal_reg_rev_byte(unsigned char (*)(unsigned char))
 .text._ZL21fsm_link_state_handleP8ak_msg_t
                0x0800efac      0x294 build_space-shooter-game-application/link.o
 .text._ZL19fsm_link_state_initP8ak_msg_t
                0x0800f240       0x80 build_space-shooter-game-application/link.o
 .text._Z9task_linkP8ak_msg_t
                0x0800f2c0        0xc build_space-shooter-game-application/link.o
                0x0800f2c0                task_link(ak_msg_t*)
 .text._Z23link_init_state_machinev
                0x0800f2cc       0x2c build_space-shooter-game-application/link.o
                0x0800f2cc                link_init_state_machine()
 .text._ZL23link_mac_frame_send_reqv
                0x0800f2f8       0x3c build_space-shooter-game-application/link_mac.o
 .text._ZL23link_mac_frame_send_endv
                0x0800f334       0x34 build_space-shooter-game-application/link_mac.o
 .text._ZL28link_mac_frame_cals_checksumP16link_mac_frame_t.constprop.0
                0x0800f368       0x38 build_space-shooter-game-application/link_mac.o
 .text._Z25fsm_link_mac_state_handleP8ak_msg_t
                0x0800f3a0      0x2b8 build_space-shooter-game-application/link_mac.o
                0x0800f3a0                fsm_link_mac_state_handle(ak_msg_t*)
 .text._Z13task_link_macP8ak_msg_t
                0x0800f658        0xc build_space-shooter-game-application/link_mac.o
                0x0800f658                task_link_mac(ak_msg_t*)
 .text._Z23fsm_link_mac_state_initP8ak_msg_t
                0x0800f664       0x88 build_space-shooter-game-application/link_mac.o
                0x0800f664                fsm_link_mac_state_init(ak_msg_t*)
 .text._ZL26link_phy_frame_write_blockPhm
                0x0800f6ec       0x1c build_space-shooter-game-application/link_phy.o
 .text._ZL20link_phy_frame_writeP16link_phy_frame_t
                0x0800f708       0x1c build_space-shooter-game-application/link_phy.o
 .text._ZL28link_phy_frame_cals_checksumP16link_phy_frame_t
                0x0800f724       0x38 build_space-shooter-game-application/link_phy.o
 .text._ZL25link_phy_frame_write_byteh
                0x0800f75c        0xc build_space-shooter-game-application/link_phy.o
 .text._ZL26ac_link_phy_frame_rev_byteh
                0x0800f768       0xfc build_space-shooter-game-application/link_phy.o
 .text._ZL19link_phy_frame_sendv
                0x0800f864       0x2c build_space-shooter-game-application/link_phy.o
 .text._Z25fsm_link_phy_state_handleP8ak_msg_t
                0x0800f890      0x1f4 build_space-shooter-game-application/link_phy.o
                0x0800f890                fsm_link_phy_state_handle(ak_msg_t*)
 .text._Z13task_link_phyP8ak_msg_t
                0x0800fa84        0xc build_space-shooter-game-application/link_phy.o
                0x0800fa84                task_link_phy(ak_msg_t*)
 .text._Z23fsm_link_phy_state_initP8ak_msg_t
                0x0800fa90       0x90 build_space-shooter-game-application/link_phy.o
                0x0800fa90                fsm_link_phy_state_init(ak_msg_t*)
 .text._Z26link_phy_get_send_frame_tov
                0x0800fb20       0x10 build_space-shooter-game-application/link_phy.o
                0x0800fb20                link_phy_get_send_frame_to()
 .text._Z13link_pdu_initv
                0x0800fb30       0x54 build_space-shooter-game-application/link_data.o
                0x0800fb30                link_pdu_init()
 .text._Z15link_pdu_mallocv
                0x0800fb84       0x24 build_space-shooter-game-application/link_data.o
                0x0800fb84                link_pdu_malloc()
 .text._Z12link_pdu_getm
                0x0800fba8       0x3c build_space-shooter-game-application/link_data.o
                0x0800fba8                link_pdu_get(unsigned long)
 .text._Z13link_pdu_freem
                0x0800fbe4       0x4c build_space-shooter-game-application/link_data.o
                0x0800fbe4                link_pdu_free(unsigned long)
 .text._Z17link_get_src_addrv
                0x0800fc30       0x18 build_space-shooter-game-application/link_data.o
                0x0800fc30                link_get_src_addr()
 .text._Z17link_get_des_addrv
                0x0800fc48       0x18 build_space-shooter-game-application/link_data.o
                0x0800fc48                link_get_des_addr()
 .text._Z7pinModehh
                0x0800fc60       0x84 build_space-shooter-game-application/wiring_digital.o
                0x0800fc60                pinMode(unsigned char, unsigned char)
 .text._Z12digitalWritehh
                0x0800fce4       0x78 build_space-shooter-game-application/wiring_digital.o
                0x0800fce4                digitalWrite(unsigned char, unsigned char)
 .text._ZN5Print5writeEPKhj
                0x0800fd5c       0x22 build_space-shooter-game-application/Print.o
                0x0800fd5c                Print::write(unsigned char const*, unsigned int)
 .text._ZN5Print5writeEPKc
                0x0800fd7e       0x20 build_space-shooter-game-application/Print.o
                0x0800fd7e                Print::write(char const*)
 .text._ZN5Print5printEPKc
                0x0800fd9e        0x8 build_space-shooter-game-application/Print.o
                0x0800fd9e                Print::print(char const*)
 .text._ZN5Print5printEc
                0x0800fda6        0x6 build_space-shooter-game-application/Print.o
                0x0800fda6                Print::print(char)
 .text._ZN5Print11printNumberEmh
                0x0800fdac       0x3a build_space-shooter-game-application/Print.o
                0x0800fdac                Print::printNumber(unsigned long, unsigned char)
 .text._ZN5Print5printEli.part.0
                0x0800fde6       0x28 build_space-shooter-game-application/Print.o
 .text._ZN5Print5printEli
                0x0800fe0e       0x20 build_space-shooter-game-application/Print.o
                0x0800fe0e                Print::print(long, int)
 .text._ZN5Print5printEii
                0x0800fe2e        0x4 build_space-shooter-game-application/Print.o
                0x0800fe2e                Print::print(int, int)
 .text._ZN5Print5printEmi
                0x0800fe32       0x16 build_space-shooter-game-application/Print.o
                0x0800fe32                Print::print(unsigned long, int)
 .text._ZN5Print5printEhi
                0x0800fe48        0x4 build_space-shooter-game-application/Print.o
                0x0800fe48                Print::print(unsigned char, int)
 .text._ZN14HardwareSerial9availableEv
                0x0800fe4c        0xa build_space-shooter-game-application/HardwareSerial.o
                0x0800fe4c                HardwareSerial::available()
 .text._ZN14HardwareSerial4peekEv
                0x0800fe56       0x14 build_space-shooter-game-application/HardwareSerial.o
                0x0800fe56                HardwareSerial::peek()
 .text._ZN14HardwareSerial4readEv
                0x0800fe6a       0x20 build_space-shooter-game-application/HardwareSerial.o
                0x0800fe6a                HardwareSerial::read()
 .text._ZN14HardwareSerial5flushEv
                0x0800fe8a        0x2 build_space-shooter-game-application/HardwareSerial.o
                0x0800fe8a                HardwareSerial::flush()
 .text._ZN14HardwareSerial17availableForWriteEv
                0x0800fe8c       0x26 build_space-shooter-game-application/HardwareSerial.o
                0x0800fe8c                HardwareSerial::availableForWrite()
 .text._ZN14HardwareSerial5writeEh
                0x0800feb2       0x30 build_space-shooter-game-application/HardwareSerial.o
                0x0800feb2                HardwareSerial::write(unsigned char)
 *fill*         0x0800fee2        0x2 
 .text._ZL20serial2_trigger_putcv
                0x0800fee4       0x10 build_space-shooter-game-application/HardwareSerial2.o
 .text.startup._GLOBAL__sub_I_Serial2
                0x0800fef4       0x34 build_space-shooter-game-application/HardwareSerial2.o
 .text._ZN8SPIClass9io_configEv
                0x0800ff28       0x68 build_space-shooter-game-application/SPI.o
                0x0800ff28                SPIClass::io_config()
 .text._ZN8SPIClass5beginEv
                0x0800ff90       0xd4 build_space-shooter-game-application/SPI.o
                0x0800ff90                SPIClass::begin()
 .text.startup._GLOBAL__sub_I__ZN8SPIClassC2Ev
                0x08010064       0x14 build_space-shooter-game-application/SPI.o
 .text._ZN7TwoWire9availableEv
                0x08010078       0x14 build_space-shooter-game-application/Wire.o
                0x08010078                TwoWire::available()
 .text._ZN7TwoWire4readEv
                0x0801008c       0x28 build_space-shooter-game-application/Wire.o
                0x0801008c                TwoWire::read()
 .text._ZN7TwoWire4peekEv
                0x080100b4       0x24 build_space-shooter-game-application/Wire.o
                0x080100b4                TwoWire::peek()
 .text._ZN7TwoWire5flushEv
                0x080100d8        0x2 build_space-shooter-game-application/Wire.o
                0x080100d8                TwoWire::flush()
 *fill*         0x080100da        0x2 
 .text._ZN7TwoWire5writeEh
                0x080100dc       0x54 build_space-shooter-game-application/Wire.o
                0x080100dc                TwoWire::write(unsigned char)
 .text._ZN7TwoWire5writeEPKhj
                0x08010130       0x34 build_space-shooter-game-application/Wire.o
                0x08010130                TwoWire::write(unsigned char const*, unsigned int)
 .text.startup._GLOBAL__sub_I__ZN7TwoWire8rxBufferE
                0x08010164       0x1c build_space-shooter-game-application/Wire.o
 .text._Z12twi_transmitPKhh
                0x08010180       0x40 build_space-shooter-game-application/twi.o
                0x08010180                twi_transmit(unsigned char const*, unsigned char)
 .text.__cxa_pure_virtual
                0x080101c0       0x1c build_space-shooter-game-application/mini_cpp.o
                0x080101c0                __cxa_pure_virtual
 .text._sbrk    0x080101dc       0x1c build_space-shooter-game-application/mini_cpp.o
                0x080101dc                _sbrk
 *(.rodata)
 .rodata        0x080101f8        0xc build_space-shooter-game-application/scr_game_highscore.o
 .rodata        0x08010204        0x3 build_space-shooter-game-application/game_shooter_enemy_task.o
 .rodata        0x08010207        0x5 build_space-shooter-game-application/game_shooter_boss.o
 .rodata        0x0801020c      0x101 /usr/lib/arm-none-eabi/newlib/thumb/v7-m/nofp/libc.a(libc_a-ctype_.o)
                0x0801020c                _ctype_